make: Nothing to be done for 'all'.
make disk0.cow
make[1]: Entering directory '/home/kelly/Documents/cs3650-ch3'
make[1]: 'disk0.cow' is up to date.
make[1]: Leaving directory '/home/kelly/Documents/cs3650-ch3'
./cowmount -s -f mnt disk0.cow
+ storage_init: root inum is 0
+ storage_stat(/BDMV)
tree_lookup error
-2
getattr(/BDMV) -> (-2) {mode: 0000, size: 0}
+ storage_stat(/.xdg-volume-info)
tree_lookup error
-2
getattr(/.xdg-volume-info) -> (-2) {mode: 0000, size: 0}
+ storage_stat(/autorun.inf)
tree_lookup error
-2
getattr(/autorun.inf) -> (-2) {mode: 0000, size: 0}
access(/, 0004) -> 0
+ storage_stat(/.Trash)
tree_lookup error
-2
getattr(/.Trash) -> (-2) {mode: 0000, size: 0}
+ storage_stat(/.Trash-1000)
tree_lookup error
-2
getattr(/.Trash-1000) -> (-2) {mode: 0000, size: 0}
+ storage_stat(/)
+ storage_stat(/); inode 0
node{mode: 40755, size: 0, version: 0}
getattr(/) -> (0) {mode: 40755, size: 0}
+ storage_stat(/)
+ storage_stat(/); inode 0
node{mode: 40755, size: 0, version: 0}
readdir(/) -> 0
+ storage_stat(/)
+ storage_stat(/); inode 0
node{mode: 40755, size: 0, version: 0}
getattr(/) -> (0) {mode: 40755, size: 0}
+ storage_stat(/)
+ storage_stat(/); inode 0
node{mode: 40755, size: 0, version: 0}
readdir(/) -> 0
+ storage_stat(/)
+ storage_stat(/); inode 0
node{mode: 40755, size: 0, version: 0}
getattr(/) -> (0) {mode: 40755, size: 0}
+ storage_stat(/)
+ storage_stat(/); inode 0
node{mode: 40755, size: 0, version: 0}
readdir(/) -> 0
+ storage_stat(/)
+ storage_stat(/); inode 0
node{mode: 40755, size: 0, version: 0}
getattr(/) -> (0) {mode: 40755, size: 0}
+ storage_stat(/)
+ storage_stat(/); inode 0
node{mode: 40755, size: 0, version: 0}
readdir(/) -> 0
+ storage_stat(/)
+ storage_stat(/); inode 0
node{mode: 40755, size: 0, version: 0}
getattr(/) -> (0) {mode: 40755, size: 0}
+ storage_stat(/)
+ storage_stat(/); inode 0
node{mode: 40755, size: 0, version: 0}
readdir(/) -> 0
+ storage_stat(/)
+ storage_stat(/); inode 0
node{mode: 40755, size: 0, version: 0}
getattr(/) -> (0) {mode: 40755, size: 0}
+ storage_stat(/)
+ storage_stat(/); inode 0
node{mode: 40755, size: 0, version: 0}
readdir(/) -> 0
+ storage_stat(/)
+ storage_stat(/); inode 0
node{mode: 40755, size: 0, version: 0}
getattr(/) -> (0) {mode: 40755, size: 0}
+ storage_stat(/)
+ storage_stat(/); inode 0
node{mode: 40755, size: 0, version: 0}
readdir(/) -> 0
+ storage_stat(/)
+ storage_stat(/); inode 0
node{mode: 40755, size: 0, version: 0}
getattr(/) -> (0) {mode: 40755, size: 0}
+ storage_stat(/)
+ storage_stat(/); inode 0
node{mode: 40755, size: 0, version: 0}
readdir(/) -> 0
+ storage_stat(/)
+ storage_stat(/); inode 0
node{mode: 40755, size: 0, version: 0}
getattr(/) -> (0) {mode: 40755, size: 0}
+ storage_stat(/)
+ storage_stat(/); inode 0
node{mode: 40755, size: 0, version: 0}
readdir(/) -> 0
+ storage_stat(/)
+ storage_stat(/); inode 0
node{mode: 40755, size: 0, version: 0}
getattr(/) -> (0) {mode: 40755, size: 0}
+ storage_stat(/)
+ storage_stat(/); inode 0
node{mode: 40755, size: 0, version: 0}
readdir(/) -> 0
+ storage_stat(/)
+ storage_stat(/); inode 0
node{mode: 40755, size: 0, version: 0}
getattr(/) -> (0) {mode: 40755, size: 0}
+ storage_stat(/)
+ storage_stat(/); inode 0
node{mode: 40755, size: 0, version: 0}
readdir(/) -> 0
+ storage_stat(/)
+ storage_stat(/); inode 0
node{mode: 40755, size: 0, version: 0}
getattr(/) -> (0) {mode: 40755, size: 0}
+ storage_stat(/)
+ storage_stat(/); inode 0
node{mode: 40755, size: 0, version: 0}
readdir(/) -> 0
+ storage_stat(/)
+ storage_stat(/); inode 0
node{mode: 40755, size: 0, version: 0}
getattr(/) -> (0) {mode: 40755, size: 0}
+ storage_stat(/)
+ storage_stat(/); inode 0
node{mode: 40755, size: 0, version: 0}
readdir(/) -> 0
+ storage_stat(/)
+ storage_stat(/); inode 0
node{mode: 40755, size: 0, version: 0}
getattr(/) -> (0) {mode: 40755, size: 0}
+ storage_stat(/)
+ storage_stat(/); inode 0
node{mode: 40755, size: 0, version: 0}
readdir(/) -> 0
+ storage_stat(/)
+ storage_stat(/); inode 0
node{mode: 40755, size: 0, version: 0}
getattr(/) -> (0) {mode: 40755, size: 0}
+ storage_stat(/)
+ storage_stat(/); inode 0
node{mode: 40755, size: 0, version: 0}
readdir(/) -> 0
+ storage_stat(/)
+ storage_stat(/); inode 0
node{mode: 40755, size: 0, version: 0}
getattr(/) -> (0) {mode: 40755, size: 0}
+ storage_stat(/)
+ storage_stat(/); inode 0
node{mode: 40755, size: 0, version: 0}
readdir(/) -> 0
+ storage_stat(/)
+ storage_stat(/); inode 0
node{mode: 40755, size: 0, version: 0}
getattr(/) -> (0) {mode: 40755, size: 0}
+ storage_stat(/)
+ storage_stat(/); inode 0
node{mode: 40755, size: 0, version: 0}
readdir(/) -> 0
+ storage_stat(/)
+ storage_stat(/); inode 0
node{mode: 40755, size: 0, version: 0}
getattr(/) -> (0) {mode: 40755, size: 0}
+ storage_stat(/)
+ storage_stat(/); inode 0
node{mode: 40755, size: 0, version: 0}
readdir(/) -> 0
+ storage_stat(/)
+ storage_stat(/); inode 0
node{mode: 40755, size: 0, version: 0}
getattr(/) -> (0) {mode: 40755, size: 0}
+ storage_stat(/)
+ storage_stat(/); inode 0
node{mode: 40755, size: 0, version: 0}
readdir(/) -> 0
+ storage_stat(/)
+ storage_stat(/); inode 0
node{mode: 40755, size: 0, version: 0}
getattr(/) -> (0) {mode: 40755, size: 0}
+ storage_stat(/)
+ storage_stat(/); inode 0
node{mode: 40755, size: 0, version: 0}
readdir(/) -> 0
+ storage_stat(/)
+ storage_stat(/); inode 0
node{mode: 40755, size: 0, version: 0}
getattr(/) -> (0) {mode: 40755, size: 0}
+ storage_stat(/)
+ storage_stat(/); inode 0
node{mode: 40755, size: 0, version: 0}
readdir(/) -> 0
+ storage_stat(/)
+ storage_stat(/); inode 0
node{mode: 40755, size: 0, version: 0}
getattr(/) -> (0) {mode: 40755, size: 0}
+ storage_stat(/)
+ storage_stat(/); inode 0
node{mode: 40755, size: 0, version: 0}
readdir(/) -> 0
+ storage_stat(/)
+ storage_stat(/); inode 0
node{mode: 40755, size: 0, version: 0}
getattr(/) -> (0) {mode: 40755, size: 0}
+ storage_stat(/)
+ storage_stat(/); inode 0
node{mode: 40755, size: 0, version: 0}
readdir(/) -> 0
+ storage_stat(/autorun.inf)
tree_lookup error
-2
getattr(/autorun.inf) -> (-2) {mode: 0000, size: 0}
+ storage_stat(/one.txt)
tree_lookup error
-2
getattr(/one.txt) -> (-2) {mode: 0000, size: 0}
node{mode: 100644, size: 0, version: 1}
+ mknod create /one.txt [100644] - #1
====== :( VERSION ======
+ dirent = 'one.txt'
+ directory_put(..., one.txt, 1) -> 0
node{mode: 100644, size: 0, version: 1}
mknod(/one.txt, 100644) -> 0
+ storage_stat(/one.txt)
+ storage_stat(/one.txt); inode 1
node{mode: 100644, size: 0, version: 1}
getattr(/one.txt) -> (0) {mode: 100644, size: 0}
access(/one.txt, 0000) -> 0
open(/one.txt) -> 0
ioctl(/one.txt, 21505, ...) -> -1
+ STORAGE_COPY_FILE: old_inum 1 version 2 root_inum 0 mrv 2
node{mode: 100644, size: 0, version: 1}
+ STORAGE_COPY_DIR: old_inum 0 version 2 root_inum 0 mrv 2 old_ver 0
I am root. ¯\_(ツ)_/¯
+ STORAGE_COPY_FILE: old_inum 0 version 2 root_inum 0 mrv 2
node{mode: 40755, size: 20, version: 0}


VERSION: 2

+ storage_write inum: 2
write(/one.txt, 11 bytes, @+0) -> 11
+ storage_stat(/one.txt)
+ storage_stat(/one.txt); inode 2
node{mode: 100644, size: 11, version: 3}
getattr(/one.txt) -> (0) {mode: 100644, size: 11}
access(/one.txt, 0000) -> 0
open(/one.txt) -> 0
ioctl(/one.txt, 21505, ...) -> -1
In link 0:	0
In link 1:	-1
In link 2:	-1
In link 3:	-1
In link 4:	-1
In link 5:	-1
In link 6:	-1
In link 7:	-1
In link 8:	-1
In link 9:	-1
In link 10:	-1
In link 11:	-1
In link 12:	-1
In link 13:	-1
In link 14:	-1
In link 15:	-1
+ storage_read(/one.txt); inode 2
node{mode: 100644, size: 11, version: 3}
read(/one.txt, 4096 bytes, @+0) -> 11
+ storage_stat(/one.txt)
+ storage_stat(/one.txt); inode 2
node{mode: 100644, size: 11, version: 3}
getattr(/one.txt) -> (0) {mode: 100644, size: 11}
+ storage_stat(/two.txt)
tree_lookup error
-2
getattr(/two.txt) -> (-2) {mode: 0000, size: 0}
node{mode: 100644, size: 0, version: 3}
+ mknod create /two.txt [100644] - #4
====== :( VERSION ======
+ dirent = 'two.txt'
+ directory_put(..., two.txt, 4) -> 0
node{mode: 100644, size: 0, version: 3}
mknod(/two.txt, 100644) -> 0
+ storage_stat(/two.txt)
+ storage_stat(/two.txt); inode 4
node{mode: 100644, size: 0, version: 3}
getattr(/two.txt) -> (0) {mode: 100644, size: 0}
access(/two.txt, 0000) -> 0
open(/two.txt) -> 0
ioctl(/two.txt, 21505, ...) -> -1
+ STORAGE_COPY_FILE: old_inum 4 version 4 root_inum 0 mrv 4
node{mode: 100644, size: 0, version: 3}
+ STORAGE_COPY_DIR: old_inum 0 version 4 root_inum 0 mrv 4 old_vfusermount -u mnt || true
er 0
I am root. ¯\_(ツ)_/¯
+ STORAGE_COPY_FILE: old_inum 0 version 4 root_inum 0 mrv 4
node{mode: 40755, size: 40, version: 0}


VERSION: 4

+ storage_write inum: 5
write(/two.txt, 11 bytes, @+0) -> 11
+ storage_stat(/two.txt)
+ storage_stat(/two.txt); inode 5
node{mode: 100644, size: 11, version: 6}
getattr(/two.txt) -> (0) {mode: 100644, size: 11}
access(/two.txt, 0000) -> 0
open(/two.txt) -> 0
ioctl(/two.txt, 21505, ...) -> -1
In link 0:	0
In link 1:	-1
In link 2:	-1
In link 3:	-1
In link 4:	-1
In link 5:	-1
In link 6:	-1
In link 7:	-1
In link 8:	-1
In link 9:	-1
In link 10:	-1
In link 11:	-1
In link 12:	-1
In link 13:	-1
In link 14:	-1
In link 15:	-1
+ storage_read(/two.txt); inode 5
node{mode: 100644, size: 11, version: 6}
read(/two.txt, 4096 bytes, @+0) -> 11
+ storage_stat(/two.txt)
+ storage_stat(/two.txt); inode 5
node{mode: 100644, size: 11, version: 6}
getattr(/two.txt) -> (0) {mode: 100644, size: 11}
+ storage_stat(/)
+ storage_stat(/); inode 6
node{mode: 40755, size: 40, version: 4}
getattr(/) -> (0) {mode: 40755, size: 40}
+ storage_stat(/)
+ storage_stat(/); inode 6
node{mode: 40755, size: 40, version: 4}
+ looking at path: 'two.txt'
+ storage_stat(/two.txt)
+ storage_stat(/two.txt); inode 5
node{mode: 100644, size: 11, version: 6}
+ looking at path: 'one.txt'
+ storage_stat(/one.txt)
+ storage_stat(/one.txt); inode 1
node{mode: 100644, size: 0, version: 1}
readdir(/) -> 0
+ storage_stat(/2k.txt)
tree_lookup error
-2
getattr(/2k.txt) -> (-2) {mode: 0000, size: 0}
node{mode: 100644, size: 0, version: 5}
+ mknod create /2k.txt [100644] - #7
====== :( VERSION ======
+ dirent = '2k.txt'
+ directory_put(..., 2k.txt, 7) -> 0
node{mode: 100644, size: 0, version: 5}
mknod(/2k.txt, 100644) -> 0
+ storage_stat(/2k.txt)
+ storage_stat(/2k.txt); inode 7
node{mode: 100644, size: 0, version: 5}
getattr(/2k.txt) -> (0) {mode: 100644, size: 0}
access(/2k.txt, 0000) -> 0
open(/2k.txt) -> 0
ioctl(/2k.txt, 21505, ...) -> -1
+ STORAGE_COPY_FILE: old_inum 7 version 6 root_inum 0 mrv 6
node{mode: 100644, size: 0, version: 5}
+ STORAGE_COPY_DIR: old_inum 0 version 6 root_inum 0 mrv 6 old_ver 0
I am root. ¯\_(ツ)_/¯
+ STORAGE_COPY_FILE: old_inum 0 version 6 root_inum 0 mrv 6
node{mode: 40755, size: 60, version: 0}


VERSION: 6

+ storage_write inum: 8
write(/2k.txt, 2001 bytes, @+0) -> 2001
access(/2k.txt, 0000) -> 0
open(/2k.txt) -> 0
ioctl(/2k.txt, 21505, ...) -> -1
+ storage_stat(/2k.txt)
+ storage_stat(/2k.txt); inode 8
node{mode: 100644, size: 2001, version: 9}
getattr(/2k.txt) -> (0) {mode: 100644, size: 2001}
In link 0:	0
In link 1:	-1
In link 2:	-1
In link 3:	-1
In link 4:	-1
In link 5:	-1
In link 6:	-1
In link 7:	-1
In link 8:	-1
In link 9:	-1
In link 10:	-1
In link 11:	-1
In link 12:	-1
In link 13:	-1
In link 14:	-1
In link 15:	-1
+ storage_read(/2k.txt); inode 8
node{mode: 100644, size: 2001, version: 9}
read(/2k.txt, 4096 bytes, @+0) -> 2001
+ storage_stat(/2k.txt)
+ storage_stat(/2k.txt); inode 8
node{mode: 100644, size: 2001, version: 9}
getattr(/2k.txt) -> (0) {mode: 100644, size: 2001}
access(/2k.txt, 0000) -> 0
open(/2k.txt) -> 0
ioctl(/2k.txt, 21505, ...) -> -1
In link 0:	0
In link 1:	-1
In link 2:	-1
In link 3:	-1
In link 4:	-1
In link 5:	-1
In link 6:	-1
In link 7:	-1
In link 8:	-1
In link 9:	-1
In link 10:	-1
In link 11:	-1
In link 12:	-1
In link 13:	-1
In link 14:	-1
In link 15:	-1
+ storage_read(/2k.txt); inode 8
node{mode: 100644, size: 2001, version: 9}
read(/2k.txt, 4096 bytes, @+0) -> 2001
make disk0.cow
make[1]: Entering directory '/home/kelly/Documents/cs3650-ch3'
make[1]: 'disk0.cow' is up to date.
make[1]: Leaving directory '/home/kelly/Documents/cs3650-ch3'
./cowmount -s -f mnt disk0.cow
+ storage_init: root inum is 9
access(/, 0004) -> 0
+ storage_stat(/.Trash)
tree_lookup error
-2
getattr(/.Trash) -> (-2) {mode: 0000, size: 0}
+ storage_stat(/.Trash-1000)
tree_lookup error
-2
getattr(/.Trash-1000) -> (-2) {mode: 0000, size: 0}
+ storage_stat(/.xdg-volume-info)
tree_lookup error
-2
getattr(/.xdg-volume-info) -> (-2) {mode: 0000, size: 0}
+ storage_stat(/)
+ storage_stat(/); inode 9
node{mode: 40755, size: 60, version: 6}
getattr(/) -> (0) {mode: 40755, size: 60}
+ storage_stat(/)
+ storage_stat(/); inode 9
node{mode: 40755, size: 60, version: 6}
+ looking at path: '2k.txt'
+ storage_stat(/2k.txt)
+ storage_stat(/2k.txt); inode 8
node{mode: 100644, size: 2001, version: 9}
+ looking at path: 'two.txt'
+ storage_stat(/two.txt)
+ storage_stat(/two.txt); inode 4
node{mode: 100644, size: 0, version: 3}
+ looking at path: 'one.txt'
+ storage_stat(/one.txt)
+ storage_stat(/one.txt); inode 1
node{mode: 100644, size: 0, version: 1}
readdir(/) -> 0
+ storage_stat(/BDMV)
tree_lookup error
-2
getattr(/BDMV) -> (-2) {mode: 0000, size: 0}
+ storage_stat(/autorun.inf)
tree_lookup error
-2
getattr(/autorun.inf) -> (-2) {mode: 0000, size: 0}
+ storage_stat(/)
+ storage_stat(/); inode 9
node{mode: 40755, size: 60, version: 6}
getattr(/) -> (0) {mode: 40755, size: 60}
+ storage_stat(/)
+ storage_stat(/); inode 9
node{mode: 40755, size: 60, version: 6}
+ looking at path: '2k.txt'
+ storage_stat(/2k.txt)
+ storage_stat(/2k.txt); inode 8
node{mode: 100644, size: 2001, version: 9}
+ looking at path: 'two.txt'
+ storage_stat(/two.txt)
+ storage_stat(/two.txt); inode 4
node{mode: 100644, size: 0, version: 3}
+ looking at path: 'one.txt'
+ storage_stat(/one.txt)
+ storage_stat(/one.txt); inode 1
node{mode: 100644, size: 0, version: 1}
readdir(/) -> 0
+ storage_stat(/)
+ storage_stat(/); inode 9
node{mode: 40755, size: 60, version: 6}
getattr(/) -> (0) {mode: 40755, size: 60}
+ storage_stat(/)
+ storage_stat(/); inode 9
node{mode: 40755, size: 60, version: 6}
+ looking at path: '2k.txt'
+ storage_stat(/2k.txt)
+ storage_stat(/2k.txt); inode 8
node{mode: 100644, size: 2001, version: 9}
+ looking at path: 'two.txt'
+ storage_stat(/two.txt)
+ storage_stat(/two.txt); inode 4
node{mode: 100644, size: 0, version: 3}
+ looking at path: 'one.txt'
+ storage_stat(/one.txt)
+ storage_stat(/one.txt); inode 1
node{mode: 100644, size: 0, version: 1}
readdir(/) -> 0
+ storage_stat(/)
+ storage_stat(/); inode 9
node{mode: 40755, size: 60, version: 6}
getattr(/) -> (0) {mode: 40755, size: 60}
+ storage_stat(/)
+ storage_stat(/); inode 9
node{mode: 40755, size: 60, version: 6}
+ looking at path: '2k.txt'
+ storage_stat(/2k.txt)
+ storage_stat(/2k.txt); inode 8
node{mode: 100644, size: 2001, version: 9}
+ looking at path: 'two.txt'
+ storage_stat(/two.txt)
+ storage_stat(/two.txt); inode 4
node{mode: 100644, size: 0, version: 3}
+ looking at path: 'one.txt'
+ storage_stat(/one.txt)
+ storage_stat(/one.txt); inode 1
node{mode: 100644, size: 0, version: 1}
readdir(/) -> 0
+ storage_stat(/)
+ storage_stat(/); inode 9
node{mode: 40755, size: 60, version: 6}
getattr(/) -> (0) {mode: 40755, size: 60}
+ storage_stat(/)
+ storage_stat(/); inode 9
node{mode: 40755, size: 60, version: 6}
+ looking at path: '2k.txt'
+ storage_stat(/2k.txt)
+ storage_stat(/2k.txt); inode 8
node{mode: 100644, size: 2001, version: 9}
+ looking at path: 'two.txt'
+ storage_stat(/two.txt)
+ storage_stat(/two.txt); inode 4
node{mode: 100644, size: 0, version: 3}
+ looking at path: 'one.txt'
+ storage_stat(/one.txt)
+ storage_stat(/one.txt); inode 1
node{mode: 100644, size: 0, version: 1}
readdir(/) -> 0
+ storage_stat(/)
+ storage_stat(/); inode 9
node{mode: 40755, size: 60, version: 6}
getattr(/) -> (0) {mode: 40755, size: 60}
+ storage_stat(/)
+ storage_stat(/); inode 9
node{mode: 40755, size: 60, version: 6}
+ looking at path: '2k.txt'
+ storage_stat(/2k.txt)
+ storage_stat(/2k.txt); inode 8
node{mode: 100644, size: 2001, version: 9}
+ looking at path: 'two.txt'
+ storage_stat(/two.txt)
+ storage_stat(/two.txt); inode 4
node{mode: 100644, size: 0, version: 3}
+ looking at path: 'one.txt'
+ storage_stat(/one.txt)
+ storage_stat(/one.txt); inode 1
node{mode: 100644, size: 0, version: 1}
readdir(/) -> 0
+ storage_stat(/)
+ storage_stat(/); inode 9
node{mode: 40755, size: 60, version: 6}
getattr(/) -> (0) {mode: 40755, size: 60}
+ storage_stat(/)
+ storage_stat(/); inode 9
node{mode: 40755, size: 60, version: 6}
+ looking at path: '2k.txt'
+ storage_stat(/2k.txt)
+ storage_stat(/2k.txt); inode 8
node{mode: 100644, size: 2001, version: 9}
+ looking at path: 'two.txt'
+ storage_stat(/two.txt)
+ storage_stat(/two.txt); inode 4
node{mode: 100644, size: 0, version: 3}
+ looking at path: 'one.txt'
+ storage_stat(/one.txt)
+ storage_stat(/one.txt); inode 1
node{mode: 100644, size: 0, version: 1}
readdir(/) -> 0
+ storage_stat(/)
+ storage_stat(/); inode 9
node{mode: 40755, size: 60, version: 6}
getattr(/) -> (0) {mode: 40755, size: 60}
+ storage_stat(/)
+ storage_stat(/); inode 9
node{mode: 40755, size: 60, version: 6}
+ looking at path: '2k.txt'
+ storage_stat(/2k.txt)
+ storage_stat(/2k.txt); inode 8
node{mode: 100644, size: 2001, version: 9}
+ looking at path: 'two.txt'
+ storage_stat(/two.txt)
+ storage_stat(/two.txt); inode 4
node{mode: 100644, size: 0, version: 3}
+ looking at path: 'one.txt'
+ storage_stat(/one.txt)
+ storage_stat(/one.txt); inode 1
node{mode: 100644, size: 0, version: 1}
readdir(/) -> 0
+ storage_stat(/)
+ storage_stat(/); inode 9
node{mode: 40755, size: 60, version: 6}
getattr(/) -> (0) {mode: 40755, size: 60}
+ storage_stat(/)
+ storage_stat(/); inode 9
node{mode: 40755, size: 60, version: 6}
+ looking at path: '2k.txt'
+ storage_stat(/2k.txt)
+ storage_stat(/2k.txt); inode 8
node{mode: 100644, size: 2001, version: 9}
+ looking at path: 'two.txt'
+ storage_stat(/two.txt)
+ storage_stat(/two.txt); inode 4
node{mode: 100644, size: 0, version: 3}
+ looking at path: 'one.txt'
+ storage_stat(/one.txt)
+ storage_stat(/one.txt); inode 1
node{mode: 100644, size: 0, version: 1}
readdir(/) -> 0
+ storage_stat(/)
+ storage_stat(/); inode 9
node{mode: 40755, size: 60, version: 6}
getattr(/) -> (0) {mode: 40755, size: 60}
+ storage_stat(/)
+ storage_stat(/); inode 9
node{mode: 40755, size: 60, version: 6}
+ looking at path: '2k.txt'
+ storage_stat(/2k.txt)
+ storage_stat(/2k.txt); inode 8
node{mode: 100644, size: 2001, version: 9}
+ looking at path: 'two.txt'
+ storage_stat(/two.txt)
+ storage_stat(/two.txt); inode 4
node{mode: 100644, size: 0, version: 3}
+ looking at path: 'one.txt'
+ storage_stat(/one.txt)
+ storage_stat(/one.txt); inode 1
node{mode: 100644, size: 0, version: 1}
readdir(/) -> 0
+ storage_stat(/)
+ storage_stat(/); inode 9
node{mode: 40755, size: 60, version: 6}
getattr(/) -> (0) {mode: 40755, size: 60}
+ storage_stat(/)
+ storage_stat(/); inode 9
node{mode: 40755, size: 60, version: 6}
+ looking at path: '2k.txt'
+ storage_stat(/2k.txt)
+ storage_stat(/2k.txt); inode 8
node{mode: 100644, size: 2001, version: 9}
+ looking at path: 'two.txt'
+ storage_stat(/two.txt)
+ storage_stat(/two.txt); inode 4
node{mode: 100644, size: 0, version: 3}
+ looking at path: 'one.txt'
+ storage_stat(/one.txt)
+ storage_stat(/one.txt); inode 1
node{mode: 100644, size: 0, version: 1}
readdir(/) -> 0
+ storage_stat(/)
+ storage_stat(/); inode 9
node{mode: 40755, size: 60, version: 6}
getattr(/) -> (0) {mode: 40755, size: 60}
+ storage_stat(/)
+ storage_stat(/); inode 9
node{mode: 40755, size: 60, version: 6}
+ looking at path: '2k.txt'
+ storage_stat(/2k.txt)
+ storage_stat(/2k.txt); inode 8
node{mode: 100644, size: 2001, version: 9}
+ looking at path: 'two.txt'
+ storage_stat(/two.txt)
+ storage_stat(/two.txt); inode 4
node{mode: 100644, size: 0, version: 3}
+ looking at path: 'one.txt'
+ storage_stat(/one.txt)
+ storage_stat(/one.txt); inode 1
node{mode: 100644, size: 0, version: 1}
readdir(/) -> 0
+ storage_stat(/)
+ storage_stat(/); inode 9
node{mode: 40755, size: 60, version: 6}
getattr(/) -> (0) {mode: 40755, size: 60}
+ storage_stat(/)
+ storage_stat(/); inode 9
node{mode: 40755, size: 60, version: 6}
+ looking at path: '2k.txt'
+ storage_stat(/2k.txt)
+ storage_stat(/2k.txt); inode 8
node{mode: 100644, size: 2001, version: 9}
+ looking at path: 'two.txt'
+ storage_stat(/two.txt)
+ storage_stat(/two.txt); inode 4
node{mode: 100644, size: 0, version: 3}
+ looking at path: 'one.txt'
+ storage_stat(/one.txt)
+ storage_stat(/one.txt); inode 1
node{mode: 100644, size: 0, version: 1}
readdir(/) -> 0
+ storage_stat(/)
+ storage_stat(/); inode 9
node{mode: 40755, size: 60, version: 6}
getattr(/) -> (0) {mode: 40755, size: 60}
+ storage_stat(/)
+ storage_stat(/); inode 9
node{mode: 40755, size: 60, version: 6}
+ looking at path: '2k.txt'
+ storage_stat(/2k.txt)
+ storage_stat(/2k.txt); inode 8
node{mode: 100644, size: 2001, version: 9}
+ looking at path: 'two.txt'
+ storage_stat(/two.txt)
+ storage_stat(/two.txt); inode 4
node{mode: 100644, size: 0, version: 3}
+ looking at path: 'one.txt'
+ storage_stat(/one.txt)
+ storage_stat(/one.txt); inode 1
node{mode: 100644, size: 0, version: 1}
readdir(/) -> 0
+ storage_stat(/)
+ storage_stat(/); inode 9
node{mode: 40755, size: 60, version: 6}
getattr(/) -> (0) {mode: 40755, size: 60}
+ storage_stat(/)
+ storage_stat(/); inode 9
node{mode: 40755, size: 60, version: 6}
+ looking at path: '2k.txt'
+ storage_stat(/2k.txt)
+ storage_stat(/2k.txt); inode 8
node{mode: 100644, size: 2001, version: 9}
+ looking at path: 'two.txt'
+ storage_stat(/two.txt)
+ storage_stat(/two.txt); inode 4
node{mode: 100644, size: 0, version: 3}
+ looking at path: 'one.txt'
+ storage_stat(/one.txt)
+ storage_stat(/one.txt); inode 1
node{mode: 100644, size: 0, version: 1}
readdir(/) -> 0
+ storage_stat(/)
+ storage_stat(/); inode 9
node{mode: 40755, size: 60, version: 6}
getattr(/) -> (0) {mode: 40755, size: 60}
+ storage_stat(/)
+ storage_stat(/); inode 9
node{mode: 40755, size: 60, version: 6}
+ looking at path: '2k.txt'
+ storage_stat(/2k.txt)
+ storage_stat(/2k.txt); inode 8
node{mode: 100644, size: 2001, version: 9}
+ looking at path: 'two.txt'
+ storage_stat(/two.txt)
+ storage_stat(/two.txt); inode 4
node{mode: 100644, size: 0, version: 3}
+ looking at path: 'one.txt'
+ storage_stat(/one.txt)
+ storage_stat(/one.txt); inode 1
node{mode: 100644, size: 0, version: 1}
readdir(/) -> 0
+ storage_stat(/)
+ storage_stat(/); inode 9
node{mode: 40755, size: 60, version: 6}
getattr(/) -> (0) {mode: 40755, size: 60}
+ storage_stat(/)
+ storage_stat(/); inode 9
node{mode: 40755, size: 60, version: 6}
+ looking at path: '2k.txt'
+ storage_stat(/2k.txt)
+ storage_stat(/2k.txt); inode 8
node{mode: 100644, size: 2001, version: 9}
+ looking at path: 'two.txt'
+ storage_stat(/two.txt)
+ storage_stat(/two.txt); inode 4
node{mode: 100644, size: 0, version: 3}
+ looking at path: 'one.txt'
+ storage_stat(/one.txt)
+ storage_stat(/one.txt); inode 1
node{mode: 100644, size: 0, version: 1}
readdir(/) -> 0
+ storage_stat(/)
+ storage_stat(/); inode 9
node{mode: 40755, size: 60, version: 6}
getattr(/) -> (0) {mode: 40755, size: 60}
+ storage_stat(/)
+ storage_stat(/); inode 9
node{mode: 40755, size: 60, version: 6}
+ looking at path: '2k.txt'
+ storage_stat(/2k.txt)
+ storage_stat(/2k.txt); inode 8
node{mode: 100644, size: 2001, version: 9}
+ looking at path: 'two.txt'
+ storage_stat(/two.txt)
+ storage_stat(/two.txt); inode 4
node{mode: 100644, size: 0, version: 3}
+ looking at path: 'one.txt'
+ storage_stat(/one.txt)
+ storage_stat(/one.txt); inode 1
node{mode: 100644, size: 0, version: 1}
readdir(/) -> 0
+ storage_stat(/)
+ storage_stat(/); inode 9
node{mode: 40755, size: 60, version: 6}
getattr(/) -> (0) {mode: 40755, size: 60}
+ storage_stat(/)
+ storage_stat(/); inode 9
node{mode: 40755, size: 60, version: 6}
+ looking at path: '2k.txt'
+ storage_stat(/2k.txt)
+ storage_stat(/2k.txt); inode 8
node{mode: 100644, size: 2001, version: 9}
+ looking at path: 'two.txt'
+ storage_stat(/two.txt)
+ storage_stat(/two.txt); inode 4
node{mode: 100644, size: 0, version: 3}
+ looking at path: 'one.txt'
+ storage_stat(/one.txt)
+ storage_stat(/one.txt); inode 1
node{mode: 100644, size: 0, version: 1}
readdir(/) -> 0
+ storage_stat(/)
+ storage_stat(/); inode 9
node{mode: 40755, size: 60, version: 6}
getattr(/) -> (0) {mode: 40755, size: 60}
+ storage_stat(/)
+ storage_stat(/); inode 9
node{mode: 40755, size: 60, version: 6}
+ looking at path: '2k.txt'
+ storage_stat(/2k.txt)
+ storage_stat(/2k.txt); inode 8
node{mode: 100644, size: 2001, version: 9}
+ looking at path: 'two.txt'
+ storage_stat(/two.txt)
+ storage_stat(/two.txt); inode 4
node{mode: 100644, size: 0, version: 3}
+ looking at path: 'one.txt'
+ storage_stat(/one.txt)
+ storage_stat(/one.txt); inode 1
node{mode: 100644, size: 0, version: 1}
readdir(/) -> 0
+ storage_stat(/)
+ storage_stat(/); inode 9
node{mode: 40755, size: 60, version: 6}
getattr(/) -> (0) {mode: 40755, size: 60}
+ storage_stat(/)
+ storage_stat(/); inode 9
node{mode: 40755, size: 60, version: 6}
+ looking at path: '2k.txt'
+ storage_stat(/2k.txt)
+ storage_stat(/2k.txt); inode 8
node{mode: 100644, size: 2001, version: 9}
+ looking at path: 'two.txt'
+ storage_stat(/two.txt)
+ storage_stat(/two.txt); inode 4
node{mode: 100644, size: 0, version: 3}
+ looking at path: 'one.txt'
+ storage_stat(/one.txt)
+ storage_stat(/one.txt); inode 1
node{mode: 100644, size: 0, version: 1}
readdir(/) -> 0
+ storage_stat(/)
+ storage_stat(/); inode 9
node{mode: 40755, size: 60, version: 6}
getattr(/) -> (0) {mode: 40755, size: 60}
+ storage_stat(/)
+ storage_stat(/); inode 9
node{mode: 40755, size: 60, version: 6}
+ looking at path: '2k.txt'
+ storage_stat(/2k.txt)
+ storage_stat(/2k.txt); inode 8
node{mode: 100644, size: 2001, version: 9}
+ looking at path: 'two.txt'
+ storage_stat(/two.txt)
+ storage_stat(/two.txt); inode 4
node{mode: 100644, size: 0, version: 3}
+ looking at path: 'one.txt'
+ storage_stat(/one.txt)
+ storage_stat(/one.txt); inode 1
node{mode: 100644, size: 0, version: 1}
readdir(/) -> 0
+ storage_stat(/)
+ storage_stat(/); inode 9
node{mode: 40755, size: 60, version: 6}
getattr(/) -> (0) {mode: 40755, size: 60}
+ storage_stat(/)
+ storage_stat(/); inode 9
node{mode: 40755, size: 60, version: 6}
+ looking at path: '2k.txt'
+ storage_stat(/2k.txt)
+ storage_stat(/2k.txt); inode 8
node{mode: 100644, size: 2001, version: 9}
+ looking at path: 'two.txt'
+ storage_stat(/two.txt)
+ storage_stat(/two.txt); inode 4
node{mode: 100644, size: 0, version: 3}
+ looking at path: 'one.txt'
+ storage_stat(/one.txt)
+ storage_stat(/one.txt); inode 1
node{mode: 100644, size: 0, version: 1}
readdir(/) -> 0
+ storage_stat(/autorun.inf)
tree_lookup error
-2
getattr(/autorun.inf) -> (-2) {mode: 0000, size: 0}
+ storage_stat(/)
+ storage_stat(/); inode 9
node{mode: 40755, size: 60, version: 6}
getattr(/) -> (0) {mode: 40755, size: 60}
+ storage_stat(/)
+ storage_stat(/); inode 9
node{mode: 40755, size: 60, version: 6}
+ looking at path: '2k.txt'
+ storage_stat(/2k.txt)
+ storage_stat(/2k.txt); inode 8
node{mode: 100644, size: 2001, version: 9}
+ looking at path: 'two.txt'
+ storage_stat(/two.txt)
+ storage_stat(/two.txt); inode 4
node{mode: 100644, size: 0, version: 3}
+ looking at path: 'one.txt'
+ storage_stat(/one.txt)
+ storage_stat(/one.txt); inode 1
node{mode: 100644, size: 0, version: 1}
readdir(/) -> 0
+ storage_stat(/one.txt)
+ storage_stat(/one.txt); inode 1
node{mode: 100644, size: 0, version: 1}
getattr(/one.txt) -> (0) {mode: 100644, size: 0}
access(/one.txt, 0000) -> 0
open(/one.txt) -> 0
ioctl(/one.txt, 21505, ...) -> -1
In link 0:	0
In link 1:	-1
In link 2:	-1
In link 3:	-1
In link 4:	-1
In link 5:	-1
In link 6:	-1
In link 7:	-1
In link 8:	-1
In link 9:	-1
In link 10:	-1
In link 11:	-1
In link 12:	-1
In link 13:	-1
In link 14:	-1
In link 15:	-1
+ storage_read(/one.txt); inode 1
node{mode: 100644, size: 0, version: 1}
read(/one.txt, 4096 bytes, @+0) -> 0
+ storage_stat(/two.txt)
+ storage_stat(/two.txt); inode 4
node{mode: 100644, size: 0, version: 3}
getattr(/two.txt) -> (0) {mode: 100644, size: 0}
access(/two.txt, 0000) -> 0
open(/two.txt) -> 0
ioctl(/two.txt, 21505, ...) -> -1
In link 0:	0
In link 1:	-1
In link 2:	-1
In link 3:	-1
In link 4:	-1
In link 5:	-1
In link 6:	-1
In link 7:	-1
In link 8:	-1
In link 9:	-1
In link 10:	-1
In link 11:	-1
In link 12:	-1
In link 13:	-1
In link 14:	-1
In link 15:	-1
+ storage_read(/two.txt); inode 4
node{mode: 100644, size: 0, version: 3}
read(/two.txt, 4096 bytes, @+0) -> 0
+ storage_stat(/one.txt)
+ storage_stat(/one.txt); inode 1
node{mode: 100644, size: 0, version: 1}
getattr(/one.txt) -> (0) {mode: 100644, size: 0}
 + directory_delete(one.txt)
====== :( VERSION ======
+ free_inode(1)
unlink(/one.txt) -> 0
+ storage_stat(/)
+ storage_stat(/); inode 0
node{mode: 40755, size: 60, version: 0}
getattr(/) -> (0) {mode: 40755, size: 60}
+ storage_stat(/)
+ storage_stat(/); inode 0
node{mode: 40755, size: 60, version: 0}
+ looking at path: '2k.txt'
+ storage_stat(/2k.txt)
+ storage_stat(/2k.txt); inode 7
node{mode: 100644, size: 0, version: 5}
+ looking at path: 'two.txt'
+ storage_stat(/two.txt)
+ storage_stat(/two.txt); inode 4
node{mode: 100644, size: 0, version: 3}
readdir(/) -> 0
+ storage_stat(/abc.txt)
tree_lookup error
-2
getattr(/abc.txt) -> (-2) {mode: 0000, size: 0}
+ storage_stat(/abc.txt)
tree_lookup error
-2
getattr(/abc.txt) -> (-2) {mode: 0000, size: 0}
+ storage_stat(/abc.txt)
tree_lookup error
-2
getattr(/abc.txt) -> (-2) {mode: 0000, size: 0}
====== :( VERSION ======
+ dirent = 'abc.txt'
+ directory_put(..., abc.txt, 4) -> 0
node{mode: 100644, size: 0, version: 3}
 + directory_delete(two.txt)
====== :( VERSION ======
rename(/two.txt => /abc.txt) -> 0
+ storage_stat(/)
+ storage_stat(/); inode 0
node{mode: 40755, size: 60, version: 0}
getattr(/) -> (0) {mode: 40755, size: 60}
+ storage_stat(/)
+ storage_stat(/); inode 0
node{mode: 40755, size: 60, version: 0}
+ looking at path: '2k.txt'
+ storage_stat(/2k.txt)
+ storage_stat(/2k.txt); inode 7
node{mode: 100644, size: 0, version: 5}
+ looking at path: 'abc.txt'
+ storage_stat(/abc.txt)
+ storage_stat(/abc.txt); inode 4
node{mode: 100644, size: 0, version: 3}
readdir(/) -> 0
access(/abc.txt, 0000) -> 0
open(/abc.txt) -> 0
ioctl(/abc.txt, 21505, ...) -> -1
+ storage_stat(/abc.txt)
+ storage_stat(/abc.txt); inode 4
node{mode: 100644, size: 0, version: 3}
getattr(/abc.txt) -> (0) {mode: 100644, size: 0}
In link 0:	-1
In link 1:	0
In link 2:	-1
In link 3:	-1
In link 4:	-1
In link 5:	-1
In link 6:	-1
In link 7:	-1
In link 8:	-1
In link 9:	-1
In link 10:	-1
In link 11:	-1
In link 12:	-1
In link 13:	-1
In link 14:	-1
In link 15:	-1
+ storage_read(/abc.txt); inode 4
node{mode: 100644, size: 0, version: 3}
read(/abc.txt, 4096 bytes, @+0) -> 0
+ storage_stat(/def.txt)
tree_lookup error
-2
getattr(/def.txt) -> (-2) {mode: 0000, size: 0}
+ storage_stat(/abc.txt)
+ storage_stat(/abc.txt); inode 4
node{mode: 100644, size: 0, version: 3}
getattr(/abc.txt) -> (0) {mode: 100644, size: 0}
+ storage_stat(/def.txt)
tree_lookup error
-2
getattr(/def.txt) -> (-2) {mode: 0000, size: 0}
====== :( VERSION ======
+ dirent = 'def.txt'
+ directory_put(..., def.txt, 4) -> 0
node{mode: 100644, size: 0, version: 3}
link(/abc.txt => /def.txt) -> 0
+ storage_stat(/def.txt)
+ storage_stat(/def.txt); inode 4
node{mode: 100644, size: 0, version: 3}
getattr(/def.txt) -> (0) {mode: 100644, size: 0}
access(/def.txt, 0000) -> 0
open(/def.txt) -> 0
ioctl(/def.txt, 21505, ...) -> -1
In link 0:	0
In link 1:	0
In link 2:	-1
In link 3:	-1
In link 4:	-1
In link 5:	-1
In link 6:	-1
In link 7:	-1
In link 8:	-1
In link 9:	-1
In link 10:	-1
In link 11:	-1
In link 12:	-1
In link 13:	-1
In link 14:	-1
In link 15:	-1
+ storage_read(/def.txt); inode 4
node{mode: 100644, size: 0, version: 3}
read(/def.txt, 4096 bytes, @+0) -> 0
+ storage_stat(/abc.txt)
+ storage_stat(/abc.txt); inode 4
node{mode: 100644, size: 0, version: 3}
getattr(/abc.txt) -> (0) {mode: 100644, size: 0}
 + directory_delete(abc.txt)
====== :( VERSION ======
unlink(/abc.txt) -> 0
access(/def.txt, 0000) -> 0
open(/def.txt) -> 0
ioctl(/def.txt, 21505, ...) -> -1
+ storage_stat(/def.txt)
+ storage_stat(/def.txt); inode 4
node{mode: 100644, size: 0, version: 3}
getattr(/def.txt) -> (0) {mode: 100644, size: 0}
In link 0:	-1
In link 1:	0
In link 2:	-1
In link 3:	-1
In link 4:	-1
In link 5:	-1
In link 6:	-1
In link 7:	-1
In link 8:	-1
In link 9:	-1
In link 10:	-1
In link 11:	-1
In link 12:	-1
In link 13:	-1
In link 14:	-1
In link 15:	-1
+ storage_read(/def.txt); inode 4
node{mode: 100644, size: 0, version: 3}
read(/def.txt, 4096 bytes, @+0) -> 0
+ storage_stat(/foo)
tree_lookup error
-2
getattr(/foo) -> (-2) {mode: 0000, size: 0}
node{mode: 40755, size: 0, version: 11}
+ mknod create /foo [0755] - #1
====== :( VERSION ======
+ dirent = 'foo'
+ directory_put(..., foo, 1) -> 0
node{mode: 40755, size: 0, version: 11}
mkdir(/foo) -> 0
+ storage_stat(/foo)
+ storage_stat(/foo); inode 1
node{mode: 40755, size: 0, version: 11}
getattr(/foo) -> (0) {mode: 40755, size: 0}
+ storage_stat(/foo/abc.txt)
tree_lookup error
-2
getattr(/foo/abc.txt) -> (-2) {mode: 0000, size: 0}
+ storage_stat(/def.txt)
+ storage_stat(/def.txt); inode 4
node{mode: 100644, size: 0, version: 3}
getattr(/def.txt) -> (0) {mode: 100644, size: 0}
+ storage_stat(/foo/abc.txt)
tree_lookup error
-2
getattr(/foo/abc.txt) -> (-2) {mode: 0000, size: 0}
access(/def.txt, 0000) -> 0
open(/def.txt) -> 0
+ storage_stat(/foo/abc.txt)
tree_lookup error
-2
getattr(/foo/abc.txt) -> (-2) {mode: 0000, size: 0}
node{mode: 100644, size: 0, version: 12}
+ mknod create /foo/abc.txt [100644] - #10
====== :( VERSION ======
+ dirent = 'abc.txt'
+ directory_put(..., abc.txt, 10) -> 0
node{mode: 100644, size: 0, version: 12}
mknod(/foo/abc.txt, 100644) -> 0
+ storage_stat(/foo/abc.txt)
+ storage_stat(/foo/abc.txt); inode 10
node{mode: 100644, size: 0, version: 12}
getattr(/foo/abc.txt) -> (0) {mode: 100644, size: 0}
access(/foo/abc.txt, 0000) -> 0
open(/foo/abc.txt) -> 0
In link 0:	-1
In link 1:	0
In link 2:	-1
In link 3:	-1
In link 4:	-1
In link 5:	-1
In link 6:	-1
In link 7:	-1
In link 8:	-1
In link 9:	-1
In link 10:	-1
In link 11:	-1
In link 12:	-1
In link 13:	-1
In link 14:	-1
In link 15:	-1
+ storage_read(/def.txt); inode 4
node{mode: 100644, size: 0, version: 3}
read(/def.txt, 4096 bytes, @+0) -> 0
access(/foo/abc.txt, 0000) -> 0
open(/foo/abc.txt) -> 0
ioctl(/foo/abc.txt, 21505, ...) -> -1
In link 0:	1
In link 1:	-1
In link 2:	-1
In link 3:	-1
In link 4:	-1
In link 5:	-1
In link 6:	-1
In link 7:	-1
In link 8:	-1
In link 9:	-1
In link 10:	-1
In link 11:	-1
In link 12:	-1
In link 13:	-1
In link 14:	-1
In link 15:	-1
+ storage_read(/foo/abc.txt); inode 10
node{mode: 100644, size: 0, version: 12}
read(/foo/abc.txt, 4096 bytes, @+0) -> 0
+ storage_stat(/40k.txt)
tree_lookup error
-2
getattr(/40k.txt) -> (-2) {mode: 0000, size: 0}
node{mode: 100644, size: 0, version: 13}
+ mknod create /40k.txt [100644] - #11
====== :( VERSION ======
+ dirent = '40k.txt'
+ directory_put(..., 40k.txt, 11) -> 0
node{mode: 100644, size: 0, version: 13}
mknod(/40k.txt, 100644) -> 0
+ storage_stat(/40k.txt)
+ storage_stat(/40k.txt); inode 11
node{mode: 100644, size: 0, version: 13}
getattr(/40k.txt) -> (0) {mode: 100644, size: 0}
access(/40k.txt, 0000) -> 0
open(/40k.txt) -> 0
ioctl(/40k.txt, 21505, ...) -> -1
+ STORAGE_COPY_FILE: old_inum 11 version 14 root_inum 0 mrv 14
node{mode: 100644, size: 0, version: 13}
+ STORAGE_COPY_DIR: old_inum 0 version 14 root_inum 0 mrv 14 old_ver 0
I am root. ¯\_(ツ)_/¯
+ STORAGE_COPY_FILE: old_inum 0 version 14 root_inum 0 mrv 14
node{mode: 40755, size: 80, version: 0}


VERSION: 14

====== :( VERSION ======
+ storage_write inum: 12
====== :( VERSION ======
write(/40k.txt, 4096 bytes, @+0) -> 4096
+ STORAGE_COPY_FILE: old_inum 11 version 15 root_inum 0 mrv 15
node{mode: 100644, size: 0, version: 13}
+ STORAGE_COPY_DIR: old_inum 0 version 15 root_inum 0 mrv 15 old_ver 0
I am root. ¯\_(ツ)_/¯
+ STORAGE_COPY_FILE: old_inum 0 version 15 root_inum 0 mrv 15
node{mode: 40755, size: 80, version: 0}


VERSION: 15

+ storage_write inum: 14
write(/40k.txt, 4096 bytes, @+4096) -> 4096
+ STORAGE_COPY_FILE: old_inum 11 version 16 root_inum 0 mrv 16
node{mode: 100644, size: 0, version: 13}
+ STORAGE_COPY_DIR: old_inum 0 version 16 root_inum 0 mrv 16 old_ver 0
I am root. ¯\_(ツ)_/¯
+ STORAGE_COPY_FILE: old_inum 0 version 16 root_inum 0 mrv 16
node{mode: 40755, size: 80, version: 0}


VERSION: 16

+ storage_write inum: 16
write(/40k.txt, 4096 bytes, @+8192) -> 4096
+ STORAGE_COPY_FILE: old_inum 11 version 17 root_inum 0 mrv 17
node{mode: 100644, size: 0, version: 13}
+ STORAGE_COPY_DIR: old_inum 0 version 17 root_inum 0 mrv 17 old_ver 0
I am root. ¯\_(ツ)_/¯
+ STORAGE_COPY_FILE: old_inum 0 version 17 root_inum 0 mrv 17
node{mode: 40755, size: 80, version: 0}


VERSION: 17

+ storage_write inum: 18
write(/40k.txt, 4096 bytes, @+12288) -> 4096
tree_lookup error
-2
write(/40k.txt, 4096 bytes, @+16384) -> -2
access(/40k.txt, 0000) -> 0
open(/40k.txt) -> 0
ioctl(/40k.txt, 21505, ...) -> -1
+ storage_stat(/40k.txt)
tree_lookup error
-2
getattr(/40k.txt) -> (-2) {mode: 0000, size: 0}
access(/40k.txt, 0000) -> 0
open(/40k.txt) -> 0
ioctl(/40k.txt, 21505, ...) -> -1
+ storage_stat(/40k.txt)
tree_lookup error
-2
getattr(/40k.txt) -> (-2) {mode: 0000, size: 0}
access(/, 0001) -> 0
+ storage_stat(/dir1)
tree_lookup error
-2
getattr(/dir1) -> (-2) {mode: 0000, size: 0}
node{mode: 40755, size: 0, version: 19}
+ mknod create /dir1 [0755] - #20
====== :( VERSION ======
+ dirent = 'dir1'
+ directory_put(..., dir1, 20) -> 0
node{mode: 40755, size: 0, version: 19}
mkdir(/dir1) -> 0
+ storage_stat(/dir1)
+ storage_stat(/dir1); inode 20
node{mode: 40755, size: 0, version: 19}
getattr(/dir1) -> (0) {mode: 40755, size: 0}
access(/dir1, 0001) -> 0
+ storage_stat(/dir1/dir2)
tree_lookup error
-2
getattr(/dir1/dir2) -> (-2) {mode: 0000, size: 0}
node{mode: 40755, size: 0, version: 20}
+ mknod create /dir1/dir2 [0755] - #21
tree_lookup error
-2
mknod fail: directory doesn't exist

mkdir(/dir1/dir2) -> -2
+ storage_stat(/dir1/dir2)
tree_lookup error
-2
tree_lookup error
-2
getattr(/dir1/dir2) -> (-2) {mode: 0000, size: 0}
+ storage_stat(/dir1/dir2)
tree_lookup error
-2
tree_lookup error
-2
getattr(/dir1/dir2) -> (-2) {mode: 0000, size: 0}
+ storage_stat(/dir1/dir2)
tree_lookup error
-2
tree_lookup error
-2
getattr(/dir1/dir2) -> (-2) {mode: 0000, size: 0}
+ storage_stat(/numbers)
tree_lookup error
-2
getattr(/numbers) -> (-2) {mode: 0000, size: 0}
node{mode: 40755, size: 0, version: 21}
+ mknod create /numbers [0755] - #22
====== :( VERSION ======
+ dirent = 'numbers'
+ directory_put(..., numbers, 22) -> 0
node{mode: 40755, size: 0, version: 21}
mkdir(/numbers) -> 0
+ storage_stat(/numbers)
+ storage_stat(/numbers); inode 22
node{mode: 40755, size: 0, version: 21}
getattr(/numbers) -> (0) {mode: 40755, size: 0}
+ storage_stat(/numbers/1.num)
tree_lookup error
-2
getattr(/numbers/1.num) -> (-2) {mode: 0000, size: 0}
node{mode: 100644, size: 0, version: 22}
+ mknod create /numbers/1.num [100644] - #23
tree_lookup error
-2
mknod fail: directory doesn't exist

mknod(/numbers/1.num, 100644) -> -2
+ storage_stat(/numbers/2.num)
tree_lookup error
-2
tree_lookup error
-2
getattr(/numbers/2.num) -> (-2) {mode: 0000, size: 0}
node{mode: 100644, size: 0, version: 23}
+ mknod create /numbers/2.num [100644] - #24
====== :( VERSION ======
+ dirent = '2.num'
+ directory_put(..., 2.num, 24) -> 0
node{mode: 100644, size: 0, version: 23}
mknod(/numbers/2.num, 100644) -> 0
+ storage_stat(/numbers/2.num)
+ storage_stat(/numbers/2.num); inode 24
node{mode: 100644, size: 0, version: 23}
getattr(/numbers/2.num) -> (0) {mode: 100644, size: 0}
access(/numbers/2.num, 0000) -> 0
open(/numbers/2.num) -> 0
ioctl(/numbers/2.num, 21505, ...) -> -1
+ STORAGE_COPY_FILE: old_inum 24 version 24 root_inum 0 mrv 24
node{mode: 100644, size: 0, version: 23}
+ STORAGE_COPY_DIR: old_inum 22 version 24 root_inum 0 mrv 24 old_ver 21
+ STORAGE_COPY_FILE: old_inum 22 version 24 root_inum 0 mrv 24
node{mode: 40755, size: 20, version: 21}
+ STORAGE_COPY_DIR: old_inum 0 version 24 root_inum 0 mrv 24 old_ver 0
I am root. ¯\_(ツ)_/¯
+ STORAGE_COPY_FILE: old_inum 0 version 24 root_inum 0 mrv 24
node{mode: 40755, size: 120, version: 0}


VERSION: 24

+ storage_write inum: 25
write(/numbers/2.num, 2 bytes, @+0) -> 2
+ storage_stat(/numbers/3.num)
tree_lookup error
-2
getattr(/numbers/3.num) -> (-2) {mode: 0000, size: 0}
node{mode: 100644, size: 0, version: 25}
+ mknod create /numbers/3.num [100644] - #28
====== :( VERSION ======
+ dirent = '3.num'
+ directory_put(..., 3.num, 28) -> 0
node{mode: 100644, size: 0, version: 25}
mknod(/numbers/3.num, 100644) -> 0
+ storage_stat(/numbers/3.num)
+ storage_stat(/numbers/3.num); inode 28
node{mode: 100644, size: 0, version: 25}
getattr(/numbers/3.num) -> (0) {mode: 100644, size: 0}
access(/numbers/3.num, 0000) -> 0
open(/numbers/3.num) -> 0
ioctl(/numbers/3.num, 21505, ...) -> -1
+ STORAGE_COPY_FILE: old_inum 28 version 26 root_inum 0 mrv 26
node{mode: 100644, size: 0, version: 25}
+ STORAGE_COPY_DIR: old_inum 22 version 26 root_inum 0 mrv 26 old_ver 21
+ STORAGE_COPY_FILE: old_inum 22 version 26 root_inum 0 mrv 26
node{mode: 40755, size: 40, version: 21}
+ STORAGE_COPY_DIR: old_inum 0 version 26 root_inum 0 mrv 26 old_ver 0
I am root. ¯\_(ツ)_/¯
+ STORAGE_COPY_FILE: old_inum 0 version 26 root_inum 0 mrv 26
node{mode: 40755, size: 120, version: 0}


VERSION: 26

+ storage_write inum: 29
write(/numbers/3.num, 2 bytes, @+0) -> 2
+ storage_stat(/numbers/4.num)
tree_lookup error
-2
getattr(/numbers/4.num) -> (-2) {mode: 0000, size: 0}
node{mode: 100644, size: 0, version: 27}
+ mknod create /numbers/4.num [100644] - #32
====== :( VERSION ======
+ dirent = '4.num'
+ directory_put(..., 4.num, 32) -> 0
node{mode: 100644, size: 0, version: 27}
mknod(/numbers/4.num, 100644) -> 0
+ storage_stat(/numbers/4.num)
+ storage_stat(/numbers/4.num); inode 32
node{mode: 100644, size: 0, version: 27}
getattr(/numbers/4.num) -> (0) {mode: 100644, size: 0}
access(/numbers/4.num, 0000) -> 0
open(/numbers/4.num) -> 0
ioctl(/numbers/4.num, 21505, ...) -> -1
+ STORAGE_COPY_FILE: old_inum 32 version 28 root_inum 0 mrv 28
node{mode: 100644, size: 0, version: 27}
+ STORAGE_COPY_DIR: old_inum 22 version 28 root_inum 0 mrv 28 old_ver 21
+ STORAGE_COPY_FILE: old_inum 22 version 28 root_inum 0 mrv 28
node{mode: 40755, size: 60, version: 21}
+ STORAGE_COPY_DIR: old_inum 0 version 28 root_inum 0 mrv 28 old_ver 0
I am root. ¯\_(ツ)_/¯
+ STORAGE_COPY_FILE: old_inum 0 version 28 root_inum 0 mrv 28
node{mode: 40755, size: 120, version: 0}


VERSION: 28

+ storage_write inum: 33
write(/numbers/4.num, 2 bytes, @+0) -> 2
+ storage_stat(/numbers/5.num)
tree_lookup error
-2
getattr(/numbers/5.num) -> (-2) {mode: 0000, size: 0}
node{mode: 100644, size: 0, version: 29}
+ mknod create /numbers/5.num [100644] - #36
====== :( VERSION ======
+ dirent = '5.num'
+ directory_put(..., 5.num, 36) -> 0
node{mode: 100644, size: 0, version: 29}
mknod(/numbers/5.num, 100644) -> 0
+ storage_stat(/numbers/5.num)
+ storage_stat(/numbers/5.num); inode 36
node{mode: 100644, size: 0, version: 29}
getattr(/numbers/5.num) -> (0) {mode: 100644, size: 0}
access(/numbers/5.num, 0000) -> 0
open(/numbers/5.num) -> 0
ioctl(/numbers/5.num, 21505, ...) -> -1
tree_lookup error
-2
tree_lookup error
-2
write(/numbers/5.num, 2 bytes, @+0) -> -2
+ storage_stat(/numbers/6.num)
tree_lookup error
-2
tree_lookup error
-2
getattr(/numbers/6.num) -> (-2) {mode: 0000, size: 0}
node{mode: 100644, size: 0, version: 31}
+ mknod create /numbers/6.num [100644] - #37
tree_lookup error
-2
mknod fail: directory doesn't exist

mknod(/numbers/6.num, 100644) -> -2
+ storage_stat(/numbers/7.num)
tree_lookup error
-2
tree_lookup error
-2
getattr(/numbers/7.num) -> (-2) {mode: 0000, size: 0}
node{mode: 100644, size: 0, version: 32}
+ mknod create /numbers/7.num [100644] - #38
tree_lookup error
-2
mknod fail: directory doesn't exist

mknod(/numbers/7.num, 100644) -> -2
+ storage_stat(/numbers/8.num)
tree_lookup error
-2
tree_lookup error
-2
getattr(/numbers/8.num) -> (-2) {mode: 0000, size: 0}
node{mode: 100644, size: 0, version: 33}
+ mknod create /numbers/8.num [100644] - #39
tree_lookup error
-2
mknod fail: directory doesn't exist

mknod(/numbers/8.num, 100644) -> -2
+ storage_stat(/numbers/9.num)
tree_lookup error
-2
tree_lookup error
-2
getattr(/numbers/9.num) -> (-2) {mode: 0000, size: 0}
node{mode: 100644, size: 0, version: 34}
+ mknod create /numbers/9.num [100644] - #40
tree_lookup error
-2
mknod fail: directory doesn't exist

mknod(/numbers/9.num, 100644) -> -2
+ storage_stat(/numbers/10.num)
tree_lookup error
-2
tree_lookup error
-2
getattr(/numbers/10.num) -> (-2) {mode: 0000, size: 0}
node{mode: 100644, size: 0, version: 35}
+ mknod create /numbers/10.num [100644] - #41
====== :( VERSION ======
+ dirent = '10.num'
+ directory_put(..., 10.num, 41) -> 0
node{mode: 100644, size: 0, version: 35}
mknod(/numbers/10.num, 100644) -> 0
+ storage_stat(/numbers/10.num)
+ storage_stat(/numbers/10.num); inode 41
node{mode: 100644, size: 0, version: 35}
getattr(/numbers/10.num) -> (0) {mode: 100644, size: 0}
access(/numbers/10.num, 0000) -> 0
open(/numbers/10.num) -> 0
ioctl(/numbers/10.num, 21505, ...) -> -1
tree_lookup error
-2
tree_lookup error
-2
write(/numbers/10.num, 3 bytes, @+0) -> -2
+ storage_stat(/numbers/11.num)
tree_lookup error
-2
tree_lookup error
-2
getattr(/numbers/11.num) -> (-2) {mode: 0000, size: 0}
node{mode: 100644, size: 0, version: 37}
+ mknod create /numbers/11.num [100644] - #42
====== :( VERSION ======
+ dirent = '11.num'
+ directory_put(..., 11.num, 42) -> 0
node{mode: 100644, size: 0, version: 37}
mknod(/numbers/11.num, 100644) -> 0
+ storage_stat(/numbers/11.num)
+ storage_stat(/numbers/11.num); inode 42
node{mode: 100644, size: 0, version: 37}
getattr(/numbers/11.num) -> (0) {mode: 100644, size: 0}
access(/numbers/11.num, 0000) -> 0
open(/numbers/11.num) -> 0
ioctl(/numbers/11.num, 21505, ...) -> -1
tree_lookup error
-2
tree_lookup error
-2
write(/numbers/11.num, 3 bytes, @+0) -> -2
+ storage_stat(/numbers/12.num)
tree_lookup error
-2
tree_lookup error
-2
getattr(/numbers/12.num) -> (-2) {mode: 0000, size: 0}
node{mode: 100644, size: 0, version: 39}
+ mknod create /numbers/12.num [100644] - #43
====== :( VERSION ======
+ dirent = '12.num'
+ directory_put(..., 12.num, 43) -> 0
node{mode: 100644, size: 0, version: 39}
mknod(/numbers/12.num, 100644) -> 0
+ storage_stat(/numbers/12.num)
+ storage_stat(/numbers/12.num); inode 43
node{mode: 100644, size: 0, version: 39}
getattr(/numbers/12.num) -> (0) {mode: 100644, size: 0}
access(/numbers/12.num, 0000) -> 0
open(/numbers/12.num) -> 0
ioctl(/numbers/12.num, 21505, ...) -> -1
tree_lookup error
-2
write(/numbers/12.num, 3 bytes, @+0) -> -2
+ storage_stat(/numbers/13.num)
tree_lookup error
-2
getattr(/numbers/13.num) -> (-2) {mode: 0000, size: 0}
node{mode: 100644, size: 0, version: 41}
+ mknod create /numbers/13.num [100644] - #44
====== :( VERSION ======
+ dirent = '13.num'
+ directory_put(..., 13.num, 44) -> 0
node{mode: 100644, size: 0, version: 41}
mknod(/numbers/13.num, 100644) -> 0
+ storage_stat(/numbers/13.num)
+ storage_stat(/numbers/13.num); inode 44
node{mode: 100644, size: 0, version: 41}
getattr(/numbers/13.num) -> (0) {mode: 100644, size: 0}
access(/numbers/13.num, 0000) -> 0
open(/numbers/13.num) -> 0
ioctl(/numbers/13.num, 21505, ...) -> -1
tree_lookup error
-2
write(/numbers/13.num, 3 bytes, @+0) -> -2
+ storage_stat(/numbers/14.num)
tree_lookup error
-2
getattr(/numbers/14.num) -> (-2) {mode: 0000, size: 0}
node{mode: 100644, size: 0, version: 43}
+ mknod create /numbers/14.num [100644] - #45
====== :( VERSION ======
+ dirent = '14.num'
+ directory_put(..., 14.num, 45) -> 0
node{mode: 100644, size: 0, version: 43}
mknod(/numbers/14.num, 100644) -> 0
+ storage_stat(/numbers/14.num)
+ storage_stat(/numbers/14.num); inode 45
node{mode: 100644, size: 0, version: 43}
getattr(/numbers/14.num) -> (0) {mode: 100644, size: 0}
access(/numbers/14.num, 0000) -> 0
open(/numbers/14.num) -> 0
ioctl(/numbers/14.num, 21505, ...) -> -1
tree_lookup error
-2
write(/numbers/14.num, 3 bytes, @+0) -> -2
+ storage_stat(/numbers/15.num)
tree_lookup error
-2
getattr(/numbers/15.num) -> (-2) {mode: 0000, size: 0}
node{mode: 100644, size: 0, version: 45}
+ mknod create /numbers/15.num [100644] - #46
====== :( VERSION ======
+ dirent = '15.num'
+ directory_put(..., 15.num, 46) -> 0
node{mode: 100644, size: 0, version: 45}
mknod(/numbers/15.num, 100644) -> 0
+ storage_stat(/numbers/15.num)
+ storage_stat(/numbers/15.num); inode 46
node{mode: 100644, size: 0, version: 45}
getattr(/numbers/15.num) -> (0) {mode: 100644, size: 0}
access(/numbers/15.num, 0000) -> 0
open(/numbers/15.num) -> 0
ioctl(/numbers/15.num, 21505, ...) -> -1
tree_lookup error
-2
tree_lookup error
-2
write(/numbers/15.num, 3 bytes, @+0) -> -2
+ storage_stat(/numbers/16.num)
tree_lookup error
-2
tree_lookup error
-2
getattr(/numbers/16.num) -> (-2) {mode: 0000, size: 0}
node{mode: 100644, size: 0, version: 47}
+ mknod create /numbers/16.num [100644] - #47
tree_lookup error
-2
mknod fail: directory doesn't exist

mknod(/numbers/16.num, 100644) -> -2
+ storage_stat(/numbers/17.num)
tree_lookup error
-2
tree_lookup error
-2
getattr(/numbers/17.num) -> (-2) {mode: 0000, size: 0}
node{mode: 100644, size: 0, version: 48}
+ mknod create /numbers/17.num [100644] - #48
tree_lookup error
-2
mknod fail: directory doesn't exist

mknod(/numbers/17.num, 100644) -> -2
+ storage_stat(/numbers/18.num)
tree_lookup error
-2
tree_lookup error
-2
getattr(/numbers/18.num) -> (-2) {mode: 0000, size: 0}
node{mode: 100644, size: 0, version: 49}
+ mknod create /numbers/18.num [100644] - #49
tree_lookup error
-2
mknod fail: directory doesn't exist

mknod(/numbers/18.num, 100644) -> -2
+ storage_stat(/numbers/19.num)
tree_lookup error
-2
tree_lookup error
-2
getattr(/numbers/19.num) -> (-2) {mode: 0000, size: 0}
node{mode: 100644, size: 0, version: 50}
+ mknod create /numbers/19.num [100644] - #50
tree_lookup error
-2
mknod fail: directory doesn't exist

mknod(/numbers/19.num, 100644) -> -2
+ storage_stat(/numbers/20.num)
tree_lookup error
-2
tree_lookup error
-2
getattr(/numbers/20.num) -> (-2) {mode: 0000, size: 0}
node{mode: 100644, size: 0, version: 51}
+ mknod create /numbers/20.num [100644] - #51
====== :( VERSION ======
+ dirent = '20.num'
+ directory_put(..., 20.num, 51) -> 0
node{mode: 100644, size: 0, version: 51}
mknod(/numbers/20.num, 100644) -> 0
+ storage_stat(/numbers/20.num)
+ storage_stat(/numbers/20.num); inode 51
node{mode: 100644, size: 0, version: 51}
getattr(/numbers/20.num) -> (0) {mode: 100644, size: 0}
access(/numbers/20.num, 0000) -> 0
open(/numbers/20.num) -> 0
ioctl(/numbers/20.num, 21505, ...) -> -1
tree_lookup error
-2
tree_lookup error
-2
write(/numbers/20.num, 3 bytes, @+0) -> -2
+ storage_stat(/numbers/21.num)
tree_lookup error
-2
tree_lookup error
-2
getattr(/numbers/21.num) -> (-2) {mode: 0000, size: 0}
node{mode: 100644, size: 0, version: 53}
+ mknod create /numbers/21.num [100644] - #52
====== :( VERSION ======
+ dirent = '21.num'
+ directory_put(..., 21.num, 52) -> 0
node{mode: 100644, size: 0, version: 53}
mknod(/numbers/21.num, 100644) -> 0
+ storage_stat(/numbers/21.num)
+ storage_stat(/numbers/21.num); inode 52
node{mode: 100644, size: 0, version: 53}
getattr(/numbers/21.num) -> (0) {mode: 100644, size: 0}
access(/numbers/21.num, 0000) -> 0
open(/numbers/21.num) -> 0
ioctl(/numbers/21.num, 21505, ...) -> -1
tree_lookup error
-2
tree_lookup error
-2
write(/numbers/21.num, 3 bytes, @+0) -> -2
+ storage_stat(/numbers/22.num)
tree_lookup error
-2
tree_lookup error
-2
getattr(/numbers/22.num) -> (-2) {mode: 0000, size: 0}
node{mode: 100644, size: 0, version: 55}
+ mknod create /numbers/22.num [100644] - #53
====== :( VERSION ======
+ dirent = '22.num'
+ directory_put(..., 22.num, 53) -> 0
node{mode: 100644, size: 0, version: 55}
mknod(/numbers/22.num, 100644) -> 0
+ storage_stat(/numbers/22.num)
+ storage_stat(/numbers/22.num); inode 53
node{mode: 100644, size: 0, version: 55}
getattr(/numbers/22.num) -> (0) {mode: 100644, size: 0}
access(/numbers/22.num, 0000) -> 0
open(/numbers/22.num) -> 0
ioctl(/numbers/22.num, 21505, ...) -> -1
tree_lookup error
-2
write(/numbers/22.num, 3 bytes, @+0) -> -2
+ storage_stat(/numbers/23.num)
tree_lookup error
-2
getattr(/numbers/23.num) -> (-2) {mode: 0000, size: 0}
node{mode: 100644, size: 0, version: 57}
+ mknod create /numbers/23.num [100644] - #54
====== :( VERSION ======
+ dirent = '23.num'
+ directory_put(..., 23.num, 54) -> 0
node{mode: 100644, size: 0, version: 57}
mknod(/numbers/23.num, 100644) -> 0
+ storage_stat(/numbers/23.num)
+ storage_stat(/numbers/23.num); inode 54
node{mode: 100644, size: 0, version: 57}
getattr(/numbers/23.num) -> (0) {mode: 100644, size: 0}
access(/numbers/23.num, 0000) -> 0
open(/numbers/23.num) -> 0
ioctl(/numbers/23.num, 21505, ...) -> -1
tree_lookup error
-2
write(/numbers/23.num, 3 bytes, @+0) -> -2
+ storage_stat(/numbers/24.num)
tree_lookup error
-2
getattr(/numbers/24.num) -> (-2) {mode: 0000, size: 0}
node{mode: 100644, size: 0, version: 59}
+ mknod create /numbers/24.num [100644] - #55
====== :( VERSION ======
+ dirent = '24.num'
+ directory_put(..., 24.num, 55) -> 0
node{mode: 100644, size: 0, version: 59}
mknod(/numbers/24.num, 100644) -> 0
+ storage_stat(/numbers/24.num)
+ storage_stat(/numbers/24.num); inode 55
node{mode: 100644, size: 0, version: 59}
getattr(/numbers/24.num) -> (0) {mode: 100644, size: 0}
access(/numbers/24.num, 0000) -> 0
open(/numbers/24.num) -> 0
ioctl(/numbers/24.num, 21505, ...) -> -1
tree_lookup error
-2
write(/numbers/24.num, 3 bytes, @+0) -> -2
+ storage_stat(/numbers/25.num)
tree_lookup error
-2
getattr(/numbers/25.num) -> (-2) {mode: 0000, size: 0}
node{mode: 100644, size: 0, version: 61}
+ mknod create /numbers/25.num [100644] - #56
====== :( VERSION ======
+ dirent = '25.num'
+ directory_put(..., 25.num, 56) -> 0
node{mode: 100644, size: 0, version: 61}
mknod(/numbers/25.num, 100644) -> 0
+ storage_stat(/numbers/25.num)
+ storage_stat(/numbers/25.num); inode 56
node{mode: 100644, size: 0, version: 61}
getattr(/numbers/25.num) -> (0) {mode: 100644, size: 0}
access(/numbers/25.num, 0000) -> 0
open(/numbers/25.num) -> 0
ioctl(/numbers/25.num, 21505, ...) -> -1
tree_lookup error
-2
tree_lookup error
-2
write(/numbers/25.num, 3 bytes, @+0) -> -2
+ storage_stat(/numbers/26.num)
tree_lookup error
-2
tree_lookup error
-2
getattr(/numbers/26.num) -> (-2) {mode: 0000, size: 0}
node{mode: 100644, size: 0, version: 63}
+ mknod create /numbers/26.num [100644] - #57
tree_lookup error
-2
mknod fail: directory doesn't exist

mknod(/numbers/26.num, 100644) -> -2
+ storage_stat(/numbers/27.num)
tree_lookup error
-2
tree_lookup error
-2
getattr(/numbers/27.num) -> (-2) {mode: 0000, size: 0}
node{mode: 100644, size: 0, version: 64}
+ mknod create /numbers/27.num [100644] - #58
tree_lookup error
-2
mknod fail: directory doesn't exist

mknod(/numbers/27.num, 100644) -> -2
+ storage_stat(/numbers/28.num)
tree_lookup error
-2
tree_lookup error
-2
getattr(/numbers/28.num) -> (-2) {mode: 0000, size: 0}
node{mode: 100644, size: 0, version: 65}
+ mknod create /numbers/28.num [100644] - #59
tree_lookup error
-2
mknod fail: directory doesn't exist

mknod(/numbers/28.num, 100644) -> -2
+ storage_stat(/numbers/29.num)
tree_lookup error
-2
tree_lookup error
-2
getattr(/numbers/29.num) -> (-2) {mode: 0000, size: 0}
node{mode: 100644, size: 0, version: 66}
+ mknod create /numbers/29.num [100644] - #60
tree_lookup error
-2
mknod fail: directory doesn't exist

mknod(/numbers/29.num, 100644) -> -2
+ storage_stat(/numbers/30.num)
tree_lookup error
-2
tree_lookup error
-2
getattr(/numbers/30.num) -> (-2) {mode: 0000, size: 0}
node{mode: 100644, size: 0, version: 67}
+ mknod create /numbers/30.num [100644] - #61
====== :( VERSION ======
+ dirent = '30.num'
+ directory_put(..., 30.num, 61) -> 0
node{mode: 100644, size: 0, version: 67}
mknod(/numbers/30.num, 100644) -> 0
+ storage_stat(/numbers/30.num)
+ storage_stat(/numbers/30.num); inode 61
node{mode: 100644, size: 0, version: 67}
getattr(/numbers/30.num) -> (0) {mode: 100644, size: 0}
access(/numbers/30.num, 0000) -> 0
open(/numbers/30.num) -> 0
ioctl(/numbers/30.num, 21505, ...) -> -1
tree_lookup error
-2
tree_lookup error
-2
write(/numbers/30.num, 3 bytes, @+0) -> -2
+ storage_stat(/numbers/31.num)
tree_lookup error
-2
tree_lookup error
-2
getattr(/numbers/31.num) -> (-2) {mode: 0000, size: 0}
node{mode: 100644, size: 0, version: 69}
+ mknod create /numbers/31.num [100644] - #62
====== :( VERSION ======
+ dirent = '31.num'
+ directory_put(..., 31.num, 62) -> 0
node{mode: 100644, size: 0, version: 69}
mknod(/numbers/31.num, 100644) -> 0
+ storage_stat(/numbers/31.num)
+ storage_stat(/numbers/31.num); inode 62
node{mode: 100644, size: 0, version: 69}
getattr(/numbers/31.num) -> (0) {mode: 100644, size: 0}
access(/numbers/31.num, 0000) -> 0
open(/numbers/31.num) -> 0
ioctl(/numbers/31.num, 21505, ...) -> -1
tree_lookup error
-2
tree_lookup error
-2
write(/numbers/31.num, 3 bytes, @+0) -> -2
+ storage_stat(/numbers/32.num)
tree_lookup error
-2
tree_lookup error
-2
getattr(/numbers/32.num) -> (-2) {mode: 0000, size: 0}
node{mode: 100644, size: 0, version: 71}
+ mknod create /numbers/32.num [100644] - #63
====== :( VERSION ======
+ dirent = '32.num'
+ directory_put(..., 32.num, 63) -> 0
node{mode: 100644, size: 0, version: 71}
mknod(/numbers/32.num, 100644) -> 0
+ storage_stat(/numbers/32.num)
+ storage_stat(/numbers/32.num); inode 63
node{mode: 100644, size: 0, version: 71}
getattr(/numbers/32.num) -> (0) {mode: 100644, size: 0}
access(/numbers/32.num, 0000) -> 0
open(/numbers/32.num) -> 0
ioctl(/numbers/32.num, 21505, ...) -> -1
tree_lookup error
-2
write(/numbers/32.num, 3 bytes, @+0) -> -2
+ storage_stat(/numbers/33.num)
tree_lookup error
-2
getattr(/numbers/33.num) -> (-2) {mode: 0000, size: 0}
node{mode: 100644, size: 0, version: 73}
+ mknod create /numbers/33.num [100644] - #64
====== :( VERSION ======
+ dirent = '33.num'
+ directory_put(..., 33.num, 64) -> 0
node{mode: 100644, size: 0, version: 73}
mknod(/numbers/33.num, 100644) -> 0
+ storage_stat(/numbers/33.num)
+ storage_stat(/numbers/33.num); inode 64
node{mode: 100644, size: 0, version: 73}
getattr(/numbers/33.num) -> (0) {mode: 100644, size: 0}
access(/numbers/33.num, 0000) -> 0
open(/numbers/33.num) -> 0
ioctl(/numbers/33.num, 21505, ...) -> -1
tree_lookup error
-2
write(/numbers/33.num, 3 bytes, @+0) -> -2
+ storage_stat(/numbers/34.num)
tree_lookup error
-2
getattr(/numbers/34.num) -> (-2) {mode: 0000, size: 0}
node{mode: 100644, size: 0, version: 75}
+ mknod create /numbers/34.num [100644] - #65
====== :( VERSION ======
+ dirent = '34.num'
+ directory_put(..., 34.num, 65) -> 0
node{mode: 100644, size: 0, version: 75}
mknod(/numbers/34.num, 100644) -> 0
+ storage_stat(/numbers/34.num)
+ storage_stat(/numbers/34.num); inode 65
node{mode: 100644, size: 0, version: 75}
getattr(/numbers/34.num) -> (0) {mode: 100644, size: 0}
access(/numbers/34.num, 0000) -> 0
open(/numbers/34.num) -> 0
ioctl(/numbers/34.num, 21505, ...) -> -1
tree_lookup error
-2
write(/numbers/34.num, 3 bytes, @+0) -> -2
+ storage_stat(/numbers/35.num)
tree_lookup error
-2
getattr(/numbers/35.num) -> (-2) {mode: 0000, size: 0}
node{mode: 100644, size: 0, version: 77}
+ mknod create /numbers/35.num [100644] - #66
====== :( VERSION ======
+ dirent = '35.num'
+ directory_put(..., 35.num, 66) -> 0
node{mode: 100644, size: 0, version: 77}
mknod(/numbers/35.num, 100644) -> 0
+ storage_stat(/numbers/35.num)
+ storage_stat(/numbers/35.num); inode 66
node{mode: 100644, size: 0, version: 77}
getattr(/numbers/35.num) -> (0) {mode: 100644, size: 0}
access(/numbers/35.num, 0000) -> 0
open(/numbers/35.num) -> 0
ioctl(/numbers/35.num, 21505, ...) -> -1
tree_lookup error
-2
tree_lookup error
-2
write(/numbers/35.num, 3 bytes, @+0) -> -2
+ storage_stat(/numbers/36.num)
tree_lookup error
-2
tree_lookup error
-2
getattr(/numbers/36.num) -> (-2) {mode: 0000, size: 0}
node{mode: 100644, size: 0, version: 79}
+ mknod create /numbers/36.num [100644] - #67
tree_lookup error
-2
mknod fail: directory doesn't exist

mknod(/numbers/36.num, 100644) -> -2
+ storage_stat(/numbers/37.num)
tree_lookup error
-2
tree_lookup error
-2
getattr(/numbers/37.num) -> (-2) {mode: 0000, size: 0}
node{mode: 100644, size: 0, version: 80}
+ mknod create /numbers/37.num [100644] - #68
tree_lookup error
-2
mknod fail: directory doesn't exist

mknod(/numbers/37.num, 100644) -> -2
+ storage_stat(/numbers/38.num)
tree_lookup error
-2
tree_lookup error
-2
getattr(/numbers/38.num) -> (-2) {mode: 0000, size: 0}
node{mode: 100644, size: 0, version: 81}
+ mknod create /numbers/38.num [100644] - #69
tree_lookup error
-2
mknod fail: directory doesn't exist

mknod(/numbers/38.num, 100644) -> -2
+ storage_stat(/numbers/39.num)
tree_lookup error
-2
tree_lookup error
-2
getattr(/numbers/39.num) -> (-2) {mode: 0000, size: 0}
node{mode: 100644, size: 0, version: 82}
+ mknod create /numbers/39.num [100644] - #70
tree_lookup error
-2
mknod fail: directory doesn't exist

mknod(/numbers/39.num, 100644) -> -2
+ storage_stat(/numbers/40.num)
tree_lookup error
-2
tree_lookup error
-2
getattr(/numbers/40.num) -> (-2) {mode: 0000, size: 0}
node{mode: 100644, size: 0, version: 83}
+ mknod create /numbers/40.num [100644] - #71
====== :( VERSION ======
+ dirent = '40.num'
+ directory_put(..., 40.num, 71) -> 0
node{mode: 100644, size: 0, version: 83}
mknod(/numbers/40.num, 100644) -> 0
+ storage_stat(/numbers/40.num)
+ storage_stat(/numbers/40.num); inode 71
node{mode: 100644, size: 0, version: 83}
getattr(/numbers/40.num) -> (0) {mode: 100644, size: 0}
access(/numbers/40.num, 0000) -> 0
open(/numbers/40.num) -> 0
ioctl(/numbers/40.num, 21505, ...) -> -1
tree_lookup error
-2
tree_lookup error
-2
write(/numbers/40.num, 3 bytes, @+0) -> -2
+ storage_stat(/numbers/41.num)
tree_lookup error
-2
tree_lookup error
-2
getattr(/numbers/41.num) -> (-2) {mode: 0000, size: 0}
node{mode: 100644, size: 0, version: 85}
+ mknod create /numbers/41.num [100644] - #72
====== :( VERSION ======
+ dirent = '41.num'
+ directory_put(..., 41.num, 72) -> 0
node{mode: 100644, size: 0, version: 85}
mknod(/numbers/41.num, 100644) -> 0
+ storage_stat(/numbers/41.num)
+ storage_stat(/numbers/41.num); inode 72
node{mode: 100644, size: 0, version: 85}
getattr(/numbers/41.num) -> (0) {mode: 100644, size: 0}
access(/numbers/41.num, 0000) -> 0
open(/numbers/41.num) -> 0
ioctl(/numbers/41.num, 21505, ...) -> -1
tree_lookup error
-2
tree_lookup error
-2
write(/numbers/41.num, 3 bytes, @+0) -> -2
+ storage_stat(/numbers/42.num)
tree_lookup error
-2
tree_lookup error
-2
getattr(/numbers/42.num) -> (-2) {mode: 0000, size: 0}
node{mode: 100644, size: 0, version: 87}
+ mknod create /numbers/42.num [100644] - #73
====== :( VERSION ======
+ dirent = '42.num'
+ directory_put(..., 42.num, 73) -> 0
node{mode: 100644, size: 0, version: 87}
mknod(/numbers/42.num, 100644) -> 0
+ storage_stat(/numbers/42.num)
+ storage_stat(/numbers/42.num); inode 73
node{mode: 100644, size: 0, version: 87}
getattr(/numbers/42.num) -> (0) {mode: 100644, size: 0}
access(/numbers/42.num, 0000) -> 0
open(/numbers/42.num) -> 0
ioctl(/numbers/42.num, 21505, ...) -> -1
tree_lookup error
-2
write(/numbers/42.num, 3 bytes, @+0) -> -2
+ storage_stat(/numbers/43.num)
tree_lookup error
-2
getattr(/numbers/43.num) -> (-2) {mode: 0000, size: 0}
node{mode: 100644, size: 0, version: 89}
+ mknod create /numbers/43.num [100644] - #74
====== :( VERSION ======
+ dirent = '43.num'
+ directory_put(..., 43.num, 74) -> 0
node{mode: 100644, size: 0, version: 89}
mknod(/numbers/43.num, 100644) -> 0
+ storage_stat(/numbers/43.num)
+ storage_stat(/numbers/43.num); inode 74
node{mode: 100644, size: 0, version: 89}
getattr(/numbers/43.num) -> (0) {mode: 100644, size: 0}
access(/numbers/43.num, 0000) -> 0
open(/numbers/43.num) -> 0
ioctl(/numbers/43.num, 21505, ...) -> -1
tree_lookup error
-2
write(/numbers/43.num, 3 bytes, @+0) -> -2
+ storage_stat(/numbers/44.num)
tree_lookup error
-2
getattr(/numbers/44.num) -> (-2) {mode: 0000, size: 0}
node{mode: 100644, size: 0, version: 91}
+ mknod create /numbers/44.num [100644] - #75
====== :( VERSION ======
+ dirent = '44.num'
+ directory_put(..., 44.num, 75) -> 0
node{mode: 100644, size: 0, version: 91}
mknod(/numbers/44.num, 100644) -> 0
+ storage_stat(/numbers/44.num)
+ storage_stat(/numbers/44.num); inode 75
node{mode: 100644, size: 0, version: 91}
getattr(/numbers/44.num) -> (0) {mode: 100644, size: 0}
access(/numbers/44.num, 0000) -> 0
open(/numbers/44.num) -> 0
ioctl(/numbers/44.num, 21505, ...) -> -1
tree_lookup error
-2
write(/numbers/44.num, 3 bytes, @+0) -> -2
+ storage_stat(/numbers/45.num)
tree_lookup error
-2
getattr(/numbers/45.num) -> (-2) {mode: 0000, size: 0}
node{mode: 100644, size: 0, version: 93}
+ mknod create /numbers/45.num [100644] - #76
====== :( VERSION ======
+ dirent = '45.num'
+ directory_put(..., 45.num, 76) -> 0
node{mode: 100644, size: 0, version: 93}
mknod(/numbers/45.num, 100644) -> 0
+ storage_stat(/numbers/45.num)
+ storage_stat(/numbers/45.num); inode 76
node{mode: 100644, size: 0, version: 93}
getattr(/numbers/45.num) -> (0) {mode: 100644, size: 0}
access(/numbers/45.num, 0000) -> 0
open(/numbers/45.num) -> 0
ioctl(/numbers/45.num, 21505, ...) -> -1
tree_lookup error
-2
tree_lookup error
-2
write(/numbers/45.num, 3 bytes, @+0) -> -2
+ storage_stat(/numbers/46.num)
tree_lookup error
-2
tree_lookup error
-2
getattr(/numbers/46.num) -> (-2) {mode: 0000, size: 0}
node{mode: 100644, size: 0, version: 95}
+ mknod create /numbers/46.num [100644] - #77
tree_lookup error
-2
mknod fail: directory doesn't exist

mknod(/numbers/46.num, 100644) -> -2
+ storage_stat(/numbers/47.num)
tree_lookup error
-2
tree_lookup error
-2
getattr(/numbers/47.num) -> (-2) {mode: 0000, size: 0}
node{mode: 100644, size: 0, version: 96}
+ mknod create /numbers/47.num [100644] - #78
tree_lookup error
-2
mknod fail: directory doesn't exist

mknod(/numbers/47.num, 100644) -> -2
+ storage_stat(/numbers/48.num)
tree_lookup error
-2
tree_lookup error
-2
getattr(/numbers/48.num) -> (-2) {mode: 0000, size: 0}
node{mode: 100644, size: 0, version: 97}
+ mknod create /numbers/48.num [100644] - #79
tree_lookup error
-2
mknod fail: directory doesn't exist

mknod(/numbers/48.num, 100644) -> -2
+ storage_stat(/numbers/49.num)
tree_lookup error
-2
tree_lookup error
-2
getattr(/numbers/49.num) -> (-2) {mode: 0000, size: 0}
node{mode: 100644, size: 0, version: 98}
+ mknod create /numbers/49.num [100644] - #80
tree_lookup error
-2
mknod fail: directory doesn't exist

mknod(/numbers/49.num, 100644) -> -2
+ storage_stat(/numbers/50.num)
tree_lookup error
-2
tree_lookup error
-2
getattr(/numbers/50.num) -> (-2) {mode: 0000, size: 0}
node{mode: 100644, size: 0, version: 99}
+ mknod create /numbers/50.num [100644] - #81
====== :( VERSION ======
+ dirent = '50.num'
+ directory_put(..., 50.num, 81) -> 0
node{mode: 100644, size: 0, version: 99}
mknod(/numbers/50.num, 100644) -> 0
+ storage_stat(/numbers/50.num)
+ storage_stat(/numbers/50.num); inode 81
node{mode: 100644, size: 0, version: 99}
getattr(/numbers/50.num) -> (0) {mode: 100644, size: 0}
access(/numbers/50.num, 0000) -> 0
open(/numbers/50.num) -> 0
ioctl(/numbers/50.num, 21505, ...) -> -1
tree_lookup error
-2
tree_lookup error
-2
write(/numbers/50.num, 3 bytes, @+0) -> -2
+ storage_stat(/numbers)
tree_lookup error
-2
getattr(/numbers) -> (-2) {mode: 0000, size: 0}
+ storage_stat(/numbers)
tree_lookup error
-2
getattr(/numbers) -> (-2) {mode: 0000, size: 0}
access(/numbers/10.num, 0000) -> 0
open(/numbers/10.num) -> 0
ioctl(/numbers/10.num, 21505, ...) -> -1
+ storage_stat(/numbers/10.num)
tree_lookup error
-2
tree_lookup error
-2
getattr(/numbers/10.num) -> (-2) {mode: 0000, size: 0}
access(/numbers/20.num, 0000) -> 0
open(/numbers/20.num) -> 0
ioctl(/numbers/20.num, 21505, ...) -> -1
+ storage_stat(/numbers/20.num)
tree_lookup error
-2
tree_lookup error
-2
getattr(/numbers/20.num) -> (-2) {mode: 0000, size: 0}
access(/numbers/30.num, 0000) -> 0
open(/numbers/30.num) -> 0
ioctl(/numbers/30.num, 21505, ...) -> -1
+ storage_stat(/numbers/30.num)
tree_lookup error
-2
tree_lookup error
-2
getattr(/numbers/30.num) -> (-2) {mode: 0000, size: 0}
access(/numbers/40.num, 0000) -> 0
open(/numbers/40.num) -> 0
ioctl(/numbers/40.num, 21505, ...) -> -1
+ storage_stat(/numbers/40.num)
tree_lookup error
-2
tree_lookup error
-2
getattr(/numbers/40.num) -> (-2) {mode: 0000, size: 0}
access(/numbers/50.num, 0000) -> 0
open(/numbers/50.num) -> 0
ioctl(/numbers/50.num, 21505, ...) -> -1
+ storage_stat(/numbers/50.num)
tree_lookup error
-2
tree_lookup error
-2
getattr(/numbers/50.num) -> (-2) {mode: 0000, size: 0}
+ storage_stat(/numbers/7.num)
tree_lookup error
-2
tree_lookup error
-2
getattr(/numbers/7.num) -> (-2) {mode: 0000, size: 0}
+ storage_stat(/numbers/7.num)
tree_lookup error
-2
tree_lookup error
-2
getattr(/numbers/7.num) -> (-2) {mode: 0000, size: 0}
+ storage_stat(/numbers)
tree_lookup error
-2
getattr(/numbers) -> (-2) {mode: 0000, size: 0}
+ storage_stat(/numbers)
tree_lookup error
-2
getattr(/numbers) -> (-2) {mode: 0000, size: 0}
+ storage_stat(/numbers/14.num)fusermount -u mnt || true

tree_lookup error
-2
tree_lookup error
-2
getattr(/numbers/14.num) -> (-2) {mode: 0000, size: 0}
+ storage_stat(/numbers/14.num)
tree_lookup error
-2
tree_lookup error
-2
getattr(/numbers/14.num) -> (-2) {mode: 0000, size: 0}
+ storage_stat(/numbers/21.num)
tree_lookup error
-2
tree_lookup error
-2
getattr(/numbers/21.num) -> (-2) {mode: 0000, size: 0}
+ storage_stat(/numbers/21.num)
tree_lookup error
-2
tree_lookup error
-2
getattr(/numbers/21.num) -> (-2) {mode: 0000, size: 0}
+ storage_stat(/numbers/28.num)
tree_lookup error
-2
tree_lookup error
-2
getattr(/numbers/28.num) -> (-2) {mode: 0000, size: 0}
+ storage_stat(/numbers/28.num)
tree_lookup error
-2
tree_lookup error
-2
getattr(/numbers/28.num) -> (-2) {mode: 0000, size: 0}
make disk0.cow
make[1]: Entering directory '/home/kelly/Documents/cs3650-ch3'
make[1]: 'disk0.cow' is up to date.
make[1]: Leaving directory '/home/kelly/Documents/cs3650-ch3'
./cowmount -s -f mnt disk0.cow
+ storage_init: root inum is 6
access(/, 0004) -> 0
+ storage_stat(/)
+ storage_stat(/); inode 6
node{mode: 40755, size: 40, version: 4}
getattr(/) -> (0) {mode: 40755, size: 40}
+ storage_stat(/BDMV)
tree_lookup error
-2
getattr(/BDMV) -> (-2) {mode: 0000, size: 0}
+ storage_stat(/.xdg-volume-info)
tree_lookup error
-2
getattr(/.xdg-volume-info) -> (-2) {mode: 0000, size: 0}
+ storage_stat(/autorun.inf)
tree_lookup error
-2
getattr(/autorun.inf) -> (-2) {mode: 0000, size: 0}
+ storage_stat(/.Trash)
tree_lookup error
-2
getattr(/.Trash) -> (-2) {mode: 0000, size: 0}
+ storage_stat(/.Trash-1000)
tree_lookup error
-2
getattr(/.Trash-1000) -> (-2) {mode: 0000, size: 0}
+ storage_stat(/)
+ storage_stat(/); inode 6
node{mode: 40755, size: 40, version: 4}
+ looking at path: 'two.txt'
+ storage_stat(/two.txt)
+ storage_stat(/two.txt); inode 5
node{mode: 100644, size: 11, version: 6}
+ looking at path: 'one.txt'
+ storage_stat(/one.txt)
+ storage_stat(/one.txt); inode 1
node{mode: 40755, size: 20, version: 11}
readdir(/) -> 0
+ storage_stat(/)
+ storage_stat(/); inode 6
node{mode: 40755, size: 40, version: 4}
getattr(/) -> (0) {mode: 40755, size: 40}
+ storage_stat(/)
+ storage_stat(/); inode 6
node{mode: 40755, size: 40, version: 4}
+ looking at path: 'two.txt'
+ storage_stat(/two.txt)
+ storage_stat(/two.txt); inode 5
node{mode: 100644, size: 11, version: 6}
+ looking at path: 'one.txt'
+ storage_stat(/one.txt)
+ storage_stat(/one.txt); inode 1
node{mode: 40755, size: 20, version: 11}
readdir(/) -> 0
+ storage_stat(/)
+ storage_stat(/); inode 6
node{mode: 40755, size: 40, version: 4}
getattr(/) -> (0) {mode: 40755, size: 40}
+ storage_stat(/)
+ storage_stat(/); inode 6
node{mode: 40755, size: 40, version: 4}
+ looking at path: 'two.txt'
+ storage_stat(/two.txt)
+ storage_stat(/two.txt); inode 5
node{mode: 100644, size: 11, version: 6}
+ looking at path: 'one.txt'
+ storage_stat(/one.txt)
+ storage_stat(/one.txt); inode 1
node{mode: 40755, size: 20, version: 11}
readdir(/) -> 0
+ storage_stat(/)
+ storage_stat(/); inode 6
node{mode: 40755, size: 40, version: 4}
getattr(/) -> (0) {mode: 40755, size: 40}
+ storage_stat(/)
+ storage_stat(/); inode 6
node{mode: 40755, size: 40, version: 4}
+ looking at path: 'two.txt'
+ storage_stat(/two.txt)
+ storage_stat(/two.txt); inode 5
node{mode: 100644, size: 11, version: 6}
+ looking at path: 'one.txt'
+ storage_stat(/one.txt)
+ storage_stat(/one.txt); inode 1
node{mode: 40755, size: 20, version: 11}
readdir(/) -> 0
+ storage_stat(/)
+ storage_stat(/); inode 6
node{mode: 40755, size: 40, version: 4}
getattr(/) -> (0) {mode: 40755, size: 40}
+ storage_stat(/)
+ storage_stat(/); inode 6
node{mode: 40755, size: 40, version: 4}
+ looking at path: 'two.txt'
+ storage_stat(/two.txt)
+ storage_stat(/two.txt); inode 5
node{mode: 100644, size: 11, version: 6}
+ looking at path: 'one.txt'
+ storage_stat(/one.txt)
+ storage_stat(/one.txt); inode 1
node{mode: 40755, size: 20, version: 11}
readdir(/) -> 0
+ storage_stat(/)
+ storage_stat(/); inode 6
node{mode: 40755, size: 40, version: 4}
getattr(/) -> (0) {mode: 40755, size: 40}
+ storage_stat(/)
+ storage_stat(/); inode 6
node{mode: 40755, size: 40, version: 4}
+ looking at path: 'two.txt'
+ storage_stat(/two.txt)
+ storage_stat(/two.txt); inode 5
node{mode: 100644, size: 11, version: 6}
+ looking at path: 'one.txt'
+ storage_stat(/one.txt)
+ storage_stat(/one.txt); inode 1
node{mode: 40755, size: 20, version: 11}
readdir(/) -> 0
+ storage_stat(/)
+ storage_stat(/); inode 6
node{mode: 40755, size: 40, version: 4}
getattr(/) -> (0) {mode: 40755, size: 40}
+ storage_stat(/)
+ storage_stat(/); inode 6
node{mode: 40755, size: 40, version: 4}
+ looking at path: 'two.txt'
+ storage_stat(/two.txt)
+ storage_stat(/two.txt); inode 5
node{mode: 100644, size: 11, version: 6}
+ looking at path: 'one.txt'
+ storage_stat(/one.txt)
+ storage_stat(/one.txt); inode 1
node{mode: 40755, size: 20, version: 11}
readdir(/) -> 0
+ storage_stat(/)
+ storage_stat(/); inode 6
node{mode: 40755, size: 40, version: 4}
getattr(/) -> (0) {mode: 40755, size: 40}
+ storage_stat(/)
+ storage_stat(/); inode 6
node{mode: 40755, size: 40, version: 4}
+ looking at path: 'two.txt'
+ storage_stat(/two.txt)
+ storage_stat(/two.txt); inode 5
node{mode: 100644, size: 11, version: 6}
+ looking at path: 'one.txt'
+ storage_stat(/one.txt)
+ storage_stat(/one.txt); inode 1
node{mode: 40755, size: 20, version: 11}
readdir(/) -> 0
+ storage_stat(/)
+ storage_stat(/); inode 6
node{mode: 40755, size: 40, version: 4}
getattr(/) -> (0) {mode: 40755, size: 40}
+ storage_stat(/)
+ storage_stat(/); inode 6
node{mode: 40755, size: 40, version: 4}
+ looking at path: 'two.txt'
+ storage_stat(/two.txt)
+ storage_stat(/two.txt); inode 5
node{mode: 100644, size: 11, version: 6}
+ looking at path: 'one.txt'
+ storage_stat(/one.txt)
+ storage_stat(/one.txt); inode 1
node{mode: 40755, size: 20, version: 11}
readdir(/) -> 0
+ storage_stat(/)
+ storage_stat(/); inode 6
node{mode: 40755, size: 40, version: 4}
getattr(/) -> (0) {mode: 40755, size: 40}
+ storage_stat(/)
+ storage_stat(/); inode 6
node{mode: 40755, size: 40, version: 4}
+ looking at path: 'two.txt'
+ storage_stat(/two.txt)
+ storage_stat(/two.txt); inode 5
node{mode: 100644, size: 11, version: 6}
+ looking at path: 'one.txt'
+ storage_stat(/one.txt)
+ storage_stat(/one.txt); inode 1
node{mode: 40755, size: 20, version: 11}
readdir(/) -> 0
+ storage_stat(/)
+ storage_stat(/); inode 6
node{mode: 40755, size: 40, version: 4}
getattr(/) -> (0) {mode: 40755, size: 40}
+ storage_stat(/)
+ storage_stat(/); inode 6
node{mode: 40755, size: 40, version: 4}
+ looking at path: 'two.txt'
+ storage_stat(/two.txt)
+ storage_stat(/two.txt); inode 5
node{mode: 100644, size: 11, version: 6}
+ looking at path: 'one.txt'
+ storage_stat(/one.txt)
+ storage_stat(/one.txt); inode 1
node{mode: 40755, size: 20, version: 11}
readdir(/) -> 0
+ storage_stat(/)
+ storage_stat(/); inode 6
node{mode: 40755, size: 40, version: 4}
getattr(/) -> (0) {mode: 40755, size: 40}
+ storage_stat(/)
+ storage_stat(/); inode 6
node{mode: 40755, size: 40, version: 4}
+ looking at path: 'two.txt'
+ storage_stat(/two.txt)
+ storage_stat(/two.txt); inode 5
node{mode: 100644, size: 11, version: 6}
+ looking at path: 'one.txt'
+ storage_stat(/one.txt)
+ storage_stat(/one.txt); inode 1
node{mode: 40755, size: 20, version: 11}
readdir(/) -> 0
+ storage_stat(/)
+ storage_stat(/); inode 6
node{mode: 40755, size: 40, version: 4}
getattr(/) -> (0) {mode: 40755, size: 40}
+ storage_stat(/)
+ storage_stat(/); inode 6
node{mode: 40755, size: 40, version: 4}
+ looking at path: 'two.txt'
+ storage_stat(/two.txt)
+ storage_stat(/two.txt); inode 5
node{mode: 100644, size: 11, version: 6}
+ looking at path: 'one.txt'
+ storage_stat(/one.txt)
+ storage_stat(/one.txt); inode 1
node{mode: 40755, size: 20, version: 11}
readdir(/) -> 0
+ storage_stat(/)
+ storage_stat(/); inode 6
node{mode: 40755, size: 40, version: 4}
getattr(/) -> (0) {mode: 40755, size: 40}
+ storage_stat(/)
+ storage_stat(/); inode 6
node{mode: 40755, size: 40, version: 4}
+ looking at path: 'two.txt'
+ storage_stat(/two.txt)
+ storage_stat(/two.txt); inode 5
node{mode: 100644, size: 11, version: 6}
+ looking at path: 'one.txt'
+ storage_stat(/one.txt)
+ storage_stat(/one.txt); inode 1
node{mode: 40755, size: 20, version: 11}
readdir(/) -> 0
+ storage_stat(/)
+ storage_stat(/); inode 6
node{mode: 40755, size: 40, version: 4}
getattr(/) -> (0) {mode: 40755, size: 40}
+ storage_stat(/)
+ storage_stat(/); inode 6
node{mode: 40755, size: 40, version: 4}
+ looking at path: 'two.txt'
+ storage_stat(/two.txt)
+ storage_stat(/two.txt); inode 5
node{mode: 100644, size: 11, version: 6}
+ looking at path: 'one.txt'
+ storage_stat(/one.txt)
+ storage_stat(/one.txt); inode 1
node{mode: 40755, size: 20, version: 11}
readdir(/) -> 0
+ storage_stat(/)
+ storage_stat(/); inode 6
node{mode: 40755, size: 40, version: 4}
getattr(/) -> (0) {mode: 40755, size: 40}
+ storage_stat(/)
+ storage_stat(/); inode 6
node{mode: 40755, size: 40, version: 4}
+ looking at path: 'two.txt'
+ storage_stat(/two.txt)
+ storage_stat(/two.txt); inode 5
node{mode: 100644, size: 11, version: 6}
+ looking at fusermount -u mnt || true
path: 'one.txt'
+ storage_stat(/one.txt)
+ storage_stat(/one.txt); inode 1
node{mode: 40755, size: 20, version: 11}
readdir(/) -> 0
+ storage_stat(/)
+ storage_stat(/); inode 6
node{mode: 40755, size: 40, version: 4}
getattr(/) -> (0) {mode: 40755, size: 40}
+ storage_stat(/)
+ storage_stat(/); inode 6
node{mode: 40755, size: 40, version: 4}
+ looking at path: 'two.txt'
+ storage_stat(/two.txt)
+ storage_stat(/two.txt); inode 5
node{mode: 100644, size: 11, version: 6}
+ looking at path: 'one.txt'
+ storage_stat(/one.txt)
+ storage_stat(/one.txt); inode 1
node{mode: 40755, size: 20, version: 11}
readdir(/) -> 0
+ storage_stat(/)
+ storage_stat(/); inode 6
node{mode: 40755, size: 40, version: 4}
getattr(/) -> (0) {mode: 40755, size: 40}
+ storage_stat(/)
+ storage_stat(/); inode 6
node{mode: 40755, size: 40, version: 4}
+ looking at path: 'two.txt'
+ storage_stat(/two.txt)
+ storage_stat(/two.txt); inode 5
node{mode: 100644, size: 11, version: 6}
+ looking at path: 'one.txt'
+ storage_stat(/one.txt)
+ storage_stat(/one.txt); inode 1
node{mode: 40755, size: 20, version: 11}
readdir(/) -> 0
+ storage_stat(/)
+ storage_stat(/); inode 6
node{mode: 40755, size: 40, version: 4}
getattr(/) -> (0) {mode: 40755, size: 40}
+ storage_stat(/)
+ storage_stat(/); inode 6
node{mode: 40755, size: 40, version: 4}
+ looking at path: 'two.txt'
+ storage_stat(/two.txt)
+ storage_stat(/two.txt); inode 5
node{mode: 100644, size: 11, version: 6}
+ looking at path: 'one.txt'
+ storage_stat(/one.txt)
+ storage_stat(/one.txt); inode 1
node{mode: 40755, size: 20, version: 11}
readdir(/) -> 0
+ storage_stat(/)
+ storage_stat(/); inode 6
node{mode: 40755, size: 40, version: 4}
getattr(/) -> (0) {mode: 40755, size: 40}
+ storage_stat(/)
+ storage_stat(/); inode 6
node{mode: 40755, size: 40, version: 4}
+ looking at path: 'two.txt'
+ storage_stat(/two.txt)
+ storage_stat(/two.txt); inode 5
node{mode: 100644, size: 11, version: 6}
+ looking at path: 'one.txt'
+ storage_stat(/one.txt)
+ storage_stat(/one.txt); inode 1
node{mode: 40755, size: 20, version: 11}
readdir(/) -> 0
+ storage_stat(/)
+ storage_stat(/); inode 6
node{mode: 40755, size: 40, version: 4}
getattr(/) -> (0) {mode: 40755, size: 40}
+ storage_stat(/)
+ storage_stat(/); inode 6
node{mode: 40755, size: 40, version: 4}
+ looking at path: 'two.txt'
+ storage_stat(/two.txt)
+ storage_stat(/two.txt); inode 5
node{mode: 100644, size: 11, version: 6}
+ looking at path: 'one.txt'
+ storage_stat(/one.txt)
+ storage_stat(/one.txt); inode 1
node{mode: 40755, size: 20, version: 11}
readdir(/) -> 0
+ storage_stat(/)
+ storage_stat(/); inode 6
node{mode: 40755, size: 40, version: 4}
getattr(/) -> (0) {mode: 40755, size: 40}
+ storage_stat(/)
+ storage_stat(/); inode 6
node{mode: 40755, size: 40, version: 4}
+ looking at path: 'two.txt'
+ storage_stat(/two.txt)
+ storage_stat(/two.txt); inode 5
node{mode: 100644, size: 11, version: 6}
+ looking at path: 'one.txt'
+ storage_stat(/one.txt)
+ storage_stat(/one.txt); inode 1
node{mode: 40755, size: 20, version: 11}
readdir(/) -> 0
+ storage_stat(/)
+ storage_stat(/); inode 6
node{mode: 40755, size: 40, version: 4}
getattr(/) -> (0) {mode: 40755, size: 40}
+ storage_stat(/)
+ storage_stat(/); inode 6
node{mode: 40755, size: 40, version: 4}
+ looking at path: 'two.txt'
+ storage_stat(/two.txt)
+ storage_stat(/two.txt); inode 5
node{mode: 100644, size: 11, version: 6}
+ looking at path: 'one.txt'
+ storage_stat(/one.txt)
+ storage_stat(/one.txt); inode 1
node{mode: 40755, size: 20, version: 11}
readdir(/) -> 0
+ storage_stat(/autorun.inf)
tree_lookup error
-2
getattr(/autorun.inf) -> (-2) {mode: 0000, size: 0}
+ storage_stat(/numbers)
tree_lookup error
-2
getattr(/numbers) -> (-2) {mode: 0000, size: 0}
+ storage_stat(/numbers)
tree_lookup error
-2
getattr(/numbers) -> (-2) {mode: 0000, size: 0}
